Microchip MPLAB XC8 Compiler V2.50

Linker command line:

-W-3 \
  --edf=C:\Program Files\Microchip\xc8\v2.50\pic\dat\20240725155939_en.msgs \
  -cn -h+dist/default/production\temp_sensor.X.production.sym \
  --cmf=dist/default/production\temp_sensor.X.production.cmf -z -Q18F4580 \
  -oC:\Users\yogiy\AppData\Local\Temp\xcAsda0.\driver_tmp_3.o \
  --defsym=__MPLAB_BUILD=1 --fixupoverflow=error \
  -Mdist/default/production/temp_sensor.X.production.map \
  --md=C:\Users\yogiy\AppData\Local\Temp\xcAsda0.\driver_tmp_0.dat -E1 \
  -ver=XC8 Compiler --acfsm=1493 -ACODE=00h-07FFFh -ACONST=00h-07FFFh \
  -ASMALLCONST=0600h-06FFhx122 -AMEDIUMCONST=0600h-07FFFh -ACOMRAM=01h-05Fh \
  -AABS1=00h-05FFh -ABIGRAM=01h-05FFh -ARAM=060h-0FFh,0100h-01FFhx5 \
  -ABANK0=060h-0FFh -ABANK1=0100h-01FFh -ABANK2=0200h-02FFh \
  -ABANK3=0300h-03FFh -ABANK4=0400h-04FFh -ABANK5=0500h-05FFh \
  -ASFR=0D00h-0DFFhx2,0F00h-0F5Fh,0F60h-0FFFh -ABIGSFR=0D00h-0FFFh \
  -ACONFIG=0300000h-030000Dh -AIDLOC=0200000h-0200007h \
  -AEEDATA=0F00000h-0F000FFh -peeprom_data=EEDATA \
  -preset_vec=00h,intcode,sivt_hi,intcodelo,sivt_lo,powerup,init \
  -pramtop=0600h -psmallconst=SMALLCONST -pmediumconst=MEDIUMCONST \
  -pconst=CONST -AFARRAM=00h-00h \
  -prdata=COMRAM,nvrram=COMRAM,nvbit=COMRAM,rbss=COMRAM,rbit=COMRAM \
  -pfarbss=FARRAM,fardata=FARRAM,nvFARRAM=FARRAM \
  -pintsave_regs=BIGRAM,bigbss=BIGRAM,bigdata=BIGRAM -pbss=RAM \
  -pidata=CODE,irdata=CODE,ibigdata=CODE,ifardata=CODE -prparam=COMRAM \
  C:\Users\yogiy\AppData\Local\Temp\xcAsda0.\driver_tmp_9.o \
  dist/default/production\temp_sensor.X.production.o 

Object code version is 3.11

Machine type is 18F4580



                Name                               Link     Load   Length Selector   Space Scale
C:\Users\yogiy\AppData\Local\Temp\xcAsda0.\driver_tmp_9.o
                idloc                            200000   200000        8        0       5
                config                           300000   300000        E        0       4
                init                                  0        0        4        0       0
dist/default/production\temp_sensor.X.production.o
                idloc                            200000   200000        8        0       5
                config                           300000   300000        E        0       4
                smallconst                          600      600        E      300       0
                text14                             14FE     14FE       3A      307       0
                text13                             1438     1438       6C      307       0
                text12                             1554     1554       18      307       0
                text11                             1392     1392       A6      307       0
                text10                             1538     1538       1C      307       0
                text9                              1576     1576        6      307       0
                text8                              1166     1166       C2      307       0
                text7                              12E4     12E4       AE      307       0
                text6                              107E     107E       E8      307       0
                text5                               A34      A34      390      307       0
                text4                               60E      60E      426      307       0
                text3                               F78      F78      106      307       0
                text2                               DC4      DC4      1B4      307       0
                text1                              1228     1228       BC      307       0
                text0                              14A4     14A4       5A      307       0
                cstackCOMRAM                          1        1       58        1       1
                cinit                              156C     156C        A      307       0

TOTAL           Name                               Link     Load   Length     Space
        CLASS   CODE           
                init                                  0        0        4         0
                text14                             14FE     14FE       3A         0
                text13                             1438     1438       6C         0
                text12                             1554     1554       18         0
                text11                             1392     1392       A6         0
                text10                             1538     1538       1C         0
                text9                              1576     1576        6         0
                text8                              1166     1166       C2         0
                text7                              12E4     12E4       AE         0
                text6                              107E     107E       E8         0
                text5                               A34      A34      390         0
                text4                               60E      60E      426         0
                text3                               F78      F78      106         0
                text2                               DC4      DC4      1B4         0
                text1                              1228     1228       BC         0
                text0                              14A4     14A4       5A         0
                cinit                              156C     156C        A         0

        CLASS   CONST          

        CLASS   SMALLCONST     
                smallconst                          600      600        E         0

        CLASS   MEDIUMCONST    

        CLASS   COMRAM         
                cstackCOMRAM                          1        1       58         1

        CLASS   ABS1           

        CLASS   BIGRAM         

        CLASS   RAM            

        CLASS   BANK0          

        CLASS   BANK1          

        CLASS   BANK2          

        CLASS   BANK3          

        CLASS   BANK4          

        CLASS   BANK5          

        CLASS   SFR            

        CLASS   BIGSFR         

        CLASS   CONFIG         
                config                           300000   300000        E         4

        CLASS   IDLOC          
                idloc                            200000   200000        8         5

        CLASS   EEDATA         

        CLASS   FARRAM         

        CLASS   HEAP           

        CLASS   STACK          



SEGMENTS        Name                           Load    Length   Top    Selector   Space  Class

                reset_vec                      000000  000004  000004         0       0  CODE    
                cstackCOMRAM                   000001  000058  000059         1       1  COMRAM  
                smallconst                     000600  00000E  00060E       300       0  SMALLCON
                text4                          00060E  000F6E  00157C       307       0  CODE    


UNUSED ADDRESS RANGES

        Name                Unused          Largest block    Delta
        BANK0            000060-0000FF               A0
        BANK1            000100-0001FF              100
        BANK2            000200-0002FF              100
        BANK3            000300-0003FF              100
        BANK4            000400-0004FF              100
        BANK5            000500-0005FF              100
        BIGRAM           000059-0005FF              5A7
        BIGSFR           000D00-000FFF              300
        CODE             000004-0005FF              5FC
                         00157C-007FFF             6A84
        COMRAM           000059-00005F                7
        CONST            000004-0005FF              5FC
                         00157C-007FFF             6A84
        EEDATA           F00000-F000FF              100
        MEDIUMCONST      00157C-007FFF             6A84
        RAM              000060-0005FF              100
        SFR              000D00-000FFF              100
        SMALLCONST       00157C-007FFF              100

                                  Symbol Table

?___awdiv                cstackCOMRAM 000001
?___awmod                cstackCOMRAM 000001
?___fldiv                cstackCOMRAM 000028
?___flmul                cstackCOMRAM 00000F
?___fltol                cstackCOMRAM 000041
?___xxtofl               cstackCOMRAM 000001
?_read_adc               cstackCOMRAM 00004B
_ACQT0                   (abs)        007E03
_ACQT1                   (abs)        007E04
_ACQT2                   (abs)        007E05
_ADCON0                  (abs)        000FC2
_ADCS0                   (abs)        007E00
_ADCS1                   (abs)        007E01
_ADCS2                   (abs)        007E02
_ADFM                    (abs)        007E07
_ADON                    (abs)        007E10
_ADRESH                  (abs)        000FC4
_ADRESL                  (abs)        000FC3
_GO                      (abs)        007E11
_GODONE                  (abs)        007E11
_PORTD                   (abs)        000F83
_RC0                     (abs)        007C10
_RC1                     (abs)        007C11
_RC2                     (abs)        007C12
_RD7                     (abs)        007C1F
_TRISC                   (abs)        000F94
_TRISD                   (abs)        000F95
_TRISD7                  (abs)        007CAF
_VCFG0                   (abs)        007E0C
_VCFG1                   (abs)        007E0D
__HRAM                   (abs)        000000
__H__absolute__          __absolute__ 000000
__Habs1                  abs1         000000
__Hbank0                 bank0        000000
__Hbank1                 bank1        000000
__Hbank2                 bank2        000000
__Hbank3                 bank3        000000
__Hbank4                 bank4        000000
__Hbank5                 bank5        000000
__Hbigbss                bigbss       000000
__Hbigdata               bigdata      000000
__Hbigram                bigram       000000
__Hbigsfr                bigsfr       000000
__Hbss                   bss          000000
__Hcinit                 cinit        000000
__Hclrtext               clrtext      000000
__Hcomram                comram       000000
__Hconfig                config       30000E
__Hconst                 const        000000
__HcstackCOMRAM          cstackCOMRAM 000000
__Hdata                  data         000000
__Heeprom_data           eeprom_data  000000
__Hfarbss                farbss       000000
__Hfardata               fardata      000000
__Hheap                  heap         000000
__Hibigdata              ibigdata     000000
__Hidata                 idata        000000
__Hidloc                 idloc        200008
__Hifardata              ifardata     000000
__Hinit                  init         000004
__Hintcode               intcode      000000
__Hintcode_body          intcode_body 000000
__Hintcodelo             intcodelo    000000
__Hintentry              intentry     000000
__Hintret                intret       000000
__Hintsave_regs          intsave_regs 000000
__Hirdata                irdata       000000
__Hmediumconst           mediumconst  000000
__HnvFARRAM              nvFARRAM     000000
__Hnvbit                 nvbit        000000
__Hnvrram                nvrram       000000
__Hparam                 rparam       000000
__Hpowerup               powerup      000000
__Hram                   ram          000000
__Hramtop                ramtop       000600
__Hrbit                  rbit         000000
__Hrbss                  rbss         000000
__Hrdata                 rdata        000000
__Hreset_vec             reset_vec    000000
__Hrparam                rparam       000000
__Hsfr                   sfr          000000
__Hsivt_hi               sivt_hi      000000
__Hsivt_lo               sivt_lo      000000
__Hsmallconst            smallconst   00060E
__Hspace_0               (abs)        00157C
__Hspace_1               (abs)        000059
__Hspace_2               (abs)        000000
__Hspace_4               (abs)        60000E
__Hstack                 stack        000000
__Hstruct                struct       000000
__Htemp                  temp         000000
__Htext                  text         000000
__Htext0                 text0        000000
__Htext1                 text1        000000
__Htext10                text10       000000
__Htext11                text11       000000
__Htext12                text12       000000
__Htext13                text13       000000
__Htext14                text14       000000
__Htext2                 text2        000000
__Htext3                 text3        000000
__Htext4                 text4        000000
__Htext5                 text5        000000
__Htext6                 text6        000000
__Htext7                 text7        000000
__Htext8                 text8        000000
__Htext9                 text9        000000
__LRAM                   (abs)        000001
__L__absolute__          __absolute__ 000000
__Labs1                  abs1         000000
__Lbank0                 bank0        000000
__Lbank1                 bank1        000000
__Lbank2                 bank2        000000
__Lbank3                 bank3        000000
__Lbank4                 bank4        000000
__Lbank5                 bank5        000000
__Lbigbss                bigbss       000000
__Lbigdata               bigdata      000000
__Lbigram                bigram       000000
__Lbigsfr                bigsfr       000000
__Lbss                   bss          000000
__Lcinit                 cinit        000000
__Lclrtext               clrtext      000000
__Lcomram                comram       000000
__Lconfig                config       000000
__Lconst                 const        000000
__LcstackCOMRAM          cstackCOMRAM 000000
__Ldata                  data         000000
__Leeprom_data           eeprom_data  000000
__Lfarbss                farbss       000000
__Lfardata               fardata      000000
__Lheap                  heap         000000
__Libigdata              ibigdata     000000
__Lidata                 idata        000000
__Lidloc                 idloc        000000
__Lifardata              ifardata     000000
__Linit                  init         000000
__Lintcode               intcode      000000
__Lintcode_body          intcode_body 000000
__Lintcodelo             intcodelo    000000
__Lintentry              intentry     000000
__Lintret                intret       000000
__Lintsave_regs          intsave_regs 000000
__Lirdata                irdata       000000
__Lmediumconst           mediumconst  000000
__LnvFARRAM              nvFARRAM     000000
__Lnvbit                 nvbit        000000
__Lnvrram                nvrram       000000
__Lparam                 rparam       000000
__Lpowerup               powerup      000000
__Lram                   ram          000000
__Lramtop                ramtop       000600
__Lrbit                  rbit         000000
__Lrbss                  rbss         000000
__Lrdata                 rdata        000000
__Lreset_vec             reset_vec    000000
__Lrparam                rparam       000000
__Lsfr                   sfr          000000
__Lsivt_hi               sivt_hi      000000
__Lsivt_lo               sivt_lo      000000
__Lsmallconst            smallconst   000600
__Lspace_0               (abs)        000000
__Lspace_1               (abs)        000000
__Lspace_2               (abs)        000000
__Lspace_4               (abs)        000000
__Lstack                 stack        000000
__Lstruct                struct       000000
__Ltemp                  temp         000000
__Ltext                  text         000000
__Ltext0                 text0        000000
__Ltext1                 text1        000000
__Ltext10                text10       000000
__Ltext11                text11       000000
__Ltext12                text12       000000
__Ltext13                text13       000000
__Ltext14                text14       000000
__Ltext2                 text2        000000
__Ltext3                 text3        000000
__Ltext4                 text4        000000
__Ltext5                 text5        000000
__Ltext6                 text6        000000
__Ltext7                 text7        000000
__Ltext8                 text8        000000
__Ltext9                 text9        000000
__S0                     (abs)        00157C
__S1                     (abs)        000059
__S4                     (abs)        000000
__S5                     (abs)        000000
___awdiv                 text8        001166
___awdiv@counter         cstackCOMRAM 000005
___awdiv@dividend        cstackCOMRAM 000001
___awdiv@divisor         cstackCOMRAM 000003
___awdiv@quotient        cstackCOMRAM 000007
___awdiv@sign            cstackCOMRAM 000006
___awmod                 text7        0012E4
___awmod@counter         cstackCOMRAM 000005
___awmod@dividend        cstackCOMRAM 000001
___awmod@divisor         cstackCOMRAM 000003
___awmod@sign            cstackCOMRAM 000006
___fldiv                 text5        000A34
___fldiv@a               cstackCOMRAM 00002C
___fldiv@aexp            cstackCOMRAM 000040
___fldiv@b               cstackCOMRAM 000028
___fldiv@bexp            cstackCOMRAM 00003F
___fldiv@grs             cstackCOMRAM 00003B
___fldiv@new_exp         cstackCOMRAM 000039
___fldiv@rem             cstackCOMRAM 000034
___fldiv@sign            cstackCOMRAM 000038
___flmul                 text4        00060E
___flmul@a               cstackCOMRAM 000013
___flmul@aexp            cstackCOMRAM 000020
___flmul@b               cstackCOMRAM 00000F
___flmul@bexp            cstackCOMRAM 000021
___flmul@grs             cstackCOMRAM 00001C
___flmul@prod            cstackCOMRAM 000022
___flmul@sign            cstackCOMRAM 00001B
___flmul@temp            cstackCOMRAM 000026
___fltol                 text3        000F78
___fltol@exp1            cstackCOMRAM 00004A
___fltol@f1              cstackCOMRAM 000041
___fltol@sign1           cstackCOMRAM 000049
___heap_hi               (abs)        000000
___heap_lo               (abs)        000000
___inthi_sp              stack        000000
___inthi_stack_hi        stack        000000
___inthi_stack_lo        stack        000000
___intlo_sp              stack        000000
___intlo_stack_hi        stack        000000
___intlo_stack_lo        stack        000000
___param_bank            (abs)        000000
___rparam_used           (abs)        000001
___sp                    stack        000000
___stack_hi              stack        000000
___stack_lo              stack        000000
___xxtofl                text2        000DC4
___xxtofl@arg            cstackCOMRAM 00000B
___xxtofl@exp            cstackCOMRAM 00000A
___xxtofl@sign           cstackCOMRAM 000009
___xxtofl@val            cstackCOMRAM 000001
__accesstop              (abs)        000060
__activetblptr           (abs)        000002
__end_of___awdiv         text8        001228
__end_of___awmod         text7        001392
__end_of___fldiv         text5        000DC4
__end_of___flmul         text4        000A34
__end_of___fltol         text3        00107E
__end_of___xxtofl        text2        000F78
__end_of__initialization cinit        00156C
__end_of_clcd_print      text13       0014A4
__end_of_clcd_putch      text12       00156C
__end_of_clcd_write      text14       001538
__end_of_init_adc        text10       001554
__end_of_init_clcd       text11       001438
__end_of_init_config     text9        00157C
__end_of_int_to_str      text6        001166
__end_of_main            text0        0014FE
__end_of_read_adc        text1        0012E4
__initialization         cinit        00156C
__mediumconst            mediumconst  000000
__pcinit                 cinit        00156C
__pcstackCOMRAM          cstackCOMRAM 000001
__psmallconst            smallconst   000600
__ptext0                 text0        0014A4
__ptext1                 text1        001228
__ptext10                text10       001538
__ptext11                text11       001392
__ptext12                text12       001554
__ptext13                text13       001438
__ptext14                text14       0014FE
__ptext2                 text2        000DC4
__ptext3                 text3        000F78
__ptext4                 text4        00060E
__ptext5                 text5        000A34
__ptext6                 text6        00107E
__ptext7                 text7        0012E4
__ptext8                 text8        001166
__ptext9                 text9        001576
__ramtop                 ramtop       000600
__smallconst             smallconst   000600
_clcd_print              text13       001438
_clcd_putch              text12       001554
_clcd_write              text14       0014FE
_init_adc                text10       001538
_init_clcd               text11       001392
_init_config             text9        001576
_int_to_str              text6        00107E
_main                    text0        0014A4
_read_adc                text1        001228
clcd_print@addr          cstackCOMRAM 000005
clcd_print@data          cstackCOMRAM 000003
clcd_putch@addr          cstackCOMRAM 000003
clcd_putch@data          cstackCOMRAM 000004
clcd_write@byte          cstackCOMRAM 000002
clcd_write@control_bit   cstackCOMRAM 000001
end_of_initialization    cinit        00156C
int_to_str@i             cstackCOMRAM 000010
int_to_str@num           cstackCOMRAM 000009
int_to_str@rem           cstackCOMRAM 00000C
int_to_str@str           cstackCOMRAM 00000B
int_to_str@temp          cstackCOMRAM 00000E
intlevel0                text         000000
intlevel1                text         000000
intlevel2                text         000000
intlevel3                text         000000
isa$std                  (abs)        000001
isa$xinst                (abs)        000000
main@adc_reg_val         cstackCOMRAM 000057
main@str                 cstackCOMRAM 000052
read_adc@channel         cstackCOMRAM 00004F
read_adc@reg_val         cstackCOMRAM 000050
stackhi                  (abs)        000000
stacklo                  (abs)        000000
start                    init         000000
start_initialization     cinit        00156C


MODULE INFORMATION

Module		Function		Class		Link	Load	Size
C:\Program Files\Microchip\xc8\v2.50\pic\sources\c99\common\sprcmul.c
		___flmul       		CODE           	060E	0000	1062

C:\Program Files\Microchip\xc8\v2.50\pic\sources\c99\common\sprcmul.c estimated size: 1062

C:\Program Files\Microchip\xc8\v2.50\pic\sources\c99\common\sprcdiv.c
		___fldiv       		CODE           	0A34	0000	912

C:\Program Files\Microchip\xc8\v2.50\pic\sources\c99\common\sprcdiv.c estimated size: 912

C:\Program Files\Microchip\xc8\v2.50\pic\sources\c99\common\awmod.c
		___awmod       		CODE           	12E4	0000	174

C:\Program Files\Microchip\xc8\v2.50\pic\sources\c99\common\awmod.c estimated size: 174

newmain.c
		_main          		CODE           	14A4	0000	90
		_init_config   		CODE           	1576	0000	6

newmain.c estimated size: 96

adc.c
		_init_adc      		CODE           	1538	0000	28
		_read_adc      		CODE           	1228	0000	188

adc.c estimated size: 216

C:\Program Files\Microchip\xc8\v2.50\pic\sources\c99\common\xxtofl.c
		___xxtofl      		CODE           	0DC4	0000	436

C:\Program Files\Microchip\xc8\v2.50\pic\sources\c99\common\xxtofl.c estimated size: 436

shared
		__initialization		CODE           	156C	0000	1

shared estimated size: 1

clcd.c
		_clcd_write    		CODE           	14FE	0000	58
		_clcd_print    		CODE           	1438	0000	108
		_clcd_putch    		CODE           	1554	0000	24
		_init_clcd     		CODE           	1392	0000	166

clcd.c estimated size: 356

int_to_str.c
		_int_to_str    		CODE           	107E	0000	232

int_to_str.c estimated size: 232

C:\Program Files\Microchip\xc8\v2.50\pic\sources\c99\common\awdiv.c
		___awdiv       		CODE           	1166	0000	194

C:\Program Files\Microchip\xc8\v2.50\pic\sources\c99\common\awdiv.c estimated size: 194

C:\Program Files\Microchip\xc8\v2.50\pic\sources\c99\common\fltol.c
		___fltol       		CODE           	0F78	0000	262

C:\Program Files\Microchip\xc8\v2.50\pic\sources\c99\common\fltol.c estimated size: 262

