Microchip MPLAB XC8 Compiler V2.50

Linker command line:

-W-3 \
  --edf=C:\Program Files\Microchip\xc8\v2.50\pic\dat\20240725155939_en.msgs \
  -cn \
  -h+dist/default/production\assignment20_clcd_right_scroll.X.production.sym \
  --cmf=dist/default/production\assignment20_clcd_right_scroll.X.production.cmf \
  -z -Q18F4580 -oC:\Users\yogiy\AppData\Local\Temp\xcAs9kg.\driver_tmp_3.o \
  --defsym=__MPLAB_BUILD=1 --fixupoverflow=error \
  -Mdist/default/production/assignment20_clcd_right_scroll.X.production.map \
  --md=C:\Users\yogiy\AppData\Local\Temp\xcAs9kg.\driver_tmp_0.dat -E1 \
  -ver=XC8 Compiler --acfsm=1493 -ACODE=00h-03000h -ACONST=00h-03000h \
  -ASMALLCONST=0600h-06FFhx42,03000h-03000h -AMEDIUMCONST=0600h-03000h \
  -ACOMRAM=01h-05Fh -AABS1=00h-05FFh -ABIGRAM=01h-05FFh \
  -ARAM=060h-0FFh,0100h-01FFhx5 -ABANK0=060h-0FFh -ABANK1=0100h-01FFh \
  -ABANK2=0200h-02FFh -ABANK3=0300h-03FFh -ABANK4=0400h-04FFh \
  -ABANK5=0500h-05FFh -ASFR=0D00h-0DFFhx2,0F00h-0F5Fh,0F60h-0FFFh \
  -ABIGSFR=0D00h-0FFFh -ACONFIG=0300000h-030000Dh -AIDLOC=0200000h-0200007h \
  -AEEDATA=0F00000h-0F000FFh -peeprom_data=EEDATA \
  -preset_vec=00h,intcode,sivt_hi,intcodelo,sivt_lo,powerup,init \
  -pramtop=0600h -psmallconst=SMALLCONST -pmediumconst=MEDIUMCONST \
  -pconst=CONST -AFARRAM=00h-00h \
  -prdata=COMRAM,nvrram=COMRAM,nvbit=COMRAM,rbss=COMRAM,rbit=COMRAM \
  -pfarbss=FARRAM,fardata=FARRAM,nvFARRAM=FARRAM \
  -pintsave_regs=BIGRAM,bigbss=BIGRAM,bigdata=BIGRAM -pbss=RAM \
  -pidata=CODE,irdata=CODE,ibigdata=CODE,ifardata=CODE -prparam=COMRAM \
  C:\Users\yogiy\AppData\Local\Temp\xcAs9kg.\driver_tmp_9.o \
  dist/default/production\assignment20_clcd_right_scroll.X.production.o 

Object code version is 3.11

Machine type is 18F4580



                Name                               Link     Load   Length Selector   Space Scale
C:\Users\yogiy\AppData\Local\Temp\xcAs9kg.\driver_tmp_9.o
                idloc                            200000   200000        8        0       5
                config                           300000   300000        E        0       4
                init                                  0        0        4        0       0
dist/default/production\assignment20_clcd_right_scroll.X.production.o
                idloc                            200000   200000        8        0       5
                config                           300000   300000        E        0       4
                mediumconst                        2FEE     2FEE       12     17F7       0
                text5                              2DC8     2DC8       3A     16E4       0
                text4                              2E50     2E50       6C     1728       0
                text3                              2F48     2F48       A6     17A4       0
                text2                              2D86     2D86        6     16C3       0
                text1                              2E02     2E02       4E     1701       0
                text0                              2EBC     2EBC       8C     175E       0
                cstackCOMRAM                          1        1       1A        1       1
                dataCOMRAM                           1B       1B       11        1       1
                cinit                              2D9E     2D9E       2A     16CF       0
                idataCOMRAM                        2D8D     2D8D       11     2D8D       0

TOTAL           Name                               Link     Load   Length     Space
        CLASS   CODE           
                init                                  0        0        4         0
                text5                              2DC8     2DC8       3A         0
                text4                              2E50     2E50       6C         0
                text3                              2F48     2F48       A6         0
                text2                              2D86     2D86        6         0
                text1                              2E02     2E02       4E         0
                text0                              2EBC     2EBC       8C         0
                cinit                              2D9E     2D9E       2A         0
                idataCOMRAM                        2D8D     2D8D       11         0

        CLASS   CONST          

        CLASS   SMALLCONST     

        CLASS   MEDIUMCONST    
                mediumconst                        2FEE     2FEE       12         0

        CLASS   COMRAM         
                cstackCOMRAM                          1        1       1A         1
                dataCOMRAM                           1B       1B       11         1

        CLASS   ABS1           

        CLASS   BIGRAM         

        CLASS   RAM            

        CLASS   BANK0          

        CLASS   BANK1          

        CLASS   BANK2          

        CLASS   BANK3          

        CLASS   BANK4          

        CLASS   BANK5          

        CLASS   SFR            

        CLASS   BIGSFR         

        CLASS   CONFIG         
                config                           300000   300000        E         4

        CLASS   IDLOC          
                idloc                            200000   200000        8         5

        CLASS   EEDATA         

        CLASS   FARRAM         

        CLASS   HEAP           

        CLASS   STACK          



SEGMENTS        Name                           Load    Length   Top    Selector   Space  Class

                reset_vec                      000000  000004  000004         0       0  CODE    
                cstackCOMRAM                   000001  00002B  00002C         1       1  COMRAM  
                text2                          002D86  000006  002D8C      16C3       0  CODE    
                idataCOMRAM                    002D8D  000011  002D9E      2D8D       0  CODE    
                cinit                          002D9E  00002A  002DC8      16CF       0  CODE    
                text5                          002DC8  00003A  002E02      16E4       0  CODE    
                text1                          002E02  00004E  002E50      1701       0  CODE    
                text4                          002E50  00006C  002EBC      1728       0  CODE    
                text0                          002EBC  00008C  002F48      175E       0  CODE    
                text3                          002F48  0000A6  002FEE      17A4       0  CODE    
                mediumconst                    002FEE  000012  003000      17F7       0  MEDIUMCO


UNUSED ADDRESS RANGES

        Name                Unused          Largest block    Delta
        BANK0            000060-0000FF               A0
        BANK1            000100-0001FF              100
        BANK2            000200-0002FF              100
        BANK3            000300-0003FF              100
        BANK4            000400-0004FF              100
        BANK5            000500-0005FF              100
        BIGRAM           00002C-0005FF              5D4
        BIGSFR           000D00-000FFF              300
        CODE             000004-002D85             2D82
                         002D8C-002D8C                1
                         003000-003000                1
        COMRAM           00002C-00005F               34
        CONST            000004-002D85             2D82
                         002D8C-002D8C                1
                         003000-003000                1
        EEDATA           F00000-F000FF              100
        MEDIUMCONST      000600-002D85             2786
                         002D8C-002D8C                1
                         003000-003000                1
        RAM              000060-0005FF              100
        SFR              000D00-000FFF              100
        SMALLCONST       000600-002D85              100
                         002D8C-002D8C                1
                         003000-003000                1

                                  Symbol Table

_PORTD                   (abs)        000F83
_RC0                     (abs)        007C10
_RC1                     (abs)        007C11
_RC2                     (abs)        007C12
_RD7                     (abs)        007C1F
_TRISC                   (abs)        000F94
_TRISD                   (abs)        000F95
_TRISD7                  (abs)        007CAF
__HRAM                   (abs)        000000
__H__absolute__          __absolute__ 000000
__Habs1                  abs1         000000
__Hbank0                 bank0        000000
__Hbank1                 bank1        000000
__Hbank2                 bank2        000000
__Hbank3                 bank3        000000
__Hbank4                 bank4        000000
__Hbank5                 bank5        000000
__Hbigbss                bigbss       000000
__Hbigdata               bigdata      000000
__Hbigram                bigram       000000
__Hbigsfr                bigsfr       000000
__Hbss                   bss          000000
__Hcinit                 cinit        000000
__Hclrtext               clrtext      000000
__Hcomram                comram       000000
__Hconfig                config       30000E
__Hconst                 const        000000
__HcstackCOMRAM          cstackCOMRAM 000000
__Hdata                  data         000000
__HdataCOMRAM            dataCOMRAM   000000
__Heeprom_data           eeprom_data  000000
__Hfarbss                farbss       000000
__Hfardata               fardata      000000
__Hheap                  heap         000000
__Hibigdata              ibigdata     000000
__Hidata                 idata        000000
__HidataCOMRAM           idataCOMRAM  000000
__Hidloc                 idloc        200008
__Hifardata              ifardata     000000
__Hinit                  init         000004
__Hintcode               intcode      000000
__Hintcode_body          intcode_body 000000
__Hintcodelo             intcodelo    000000
__Hintentry              intentry     000000
__Hintret                intret       000000
__Hintsave_regs          intsave_regs 000000
__Hirdata                irdata       000000
__Hmediumconst           mediumconst  003000
__HnvFARRAM              nvFARRAM     000000
__Hnvbit                 nvbit        000000
__Hnvrram                nvrram       000000
__Hparam                 rparam       000000
__Hpowerup               powerup      000000
__Hram                   ram          000000
__Hramtop                ramtop       000600
__Hrbit                  rbit         000000
__Hrbss                  rbss         000000
__Hrdata                 rdata        000000
__Hreset_vec             reset_vec    000000
__Hrparam                rparam       000000
__Hsfr                   sfr          000000
__Hsivt_hi               sivt_hi      000000
__Hsivt_lo               sivt_lo      000000
__Hsmallconst            smallconst   000000
__Hspace_0               (abs)        003000
__Hspace_1               (abs)        00002C
__Hspace_2               (abs)        000000
__Hspace_4               (abs)        60000E
__Hstack                 stack        000000
__Hstruct                struct       000000
__Htemp                  temp         000000
__Htext                  text         000000
__Htext0                 text0        000000
__Htext1                 text1        000000
__Htext2                 text2        000000
__Htext3                 text3        000000
__Htext4                 text4        000000
__Htext5                 text5        000000
__LRAM                   (abs)        000001
__L__absolute__          __absolute__ 000000
__Labs1                  abs1         000000
__Lbank0                 bank0        000000
__Lbank1                 bank1        000000
__Lbank2                 bank2        000000
__Lbank3                 bank3        000000
__Lbank4                 bank4        000000
__Lbank5                 bank5        000000
__Lbigbss                bigbss       000000
__Lbigdata               bigdata      000000
__Lbigram                bigram       000000
__Lbigsfr                bigsfr       000000
__Lbss                   bss          000000
__Lcinit                 cinit        000000
__Lclrtext               clrtext      000000
__Lcomram                comram       000000
__Lconfig                config       000000
__Lconst                 const        000000
__LcstackCOMRAM          cstackCOMRAM 000000
__Ldata                  data         000000
__LdataCOMRAM            dataCOMRAM   000000
__Leeprom_data           eeprom_data  000000
__Lfarbss                farbss       000000
__Lfardata               fardata      000000
__Lheap                  heap         000000
__Libigdata              ibigdata     000000
__Lidata                 idata        000000
__LidataCOMRAM           idataCOMRAM  000000
__Lidloc                 idloc        000000
__Lifardata              ifardata     000000
__Linit                  init         000000
__Lintcode               intcode      000000
__Lintcode_body          intcode_body 000000
__Lintcodelo             intcodelo    000000
__Lintentry              intentry     000000
__Lintret                intret       000000
__Lintsave_regs          intsave_regs 000000
__Lirdata                irdata       000000
__Lmediumconst           mediumconst  002FEE
__LnvFARRAM              nvFARRAM     000000
__Lnvbit                 nvbit        000000
__Lnvrram                nvrram       000000
__Lparam                 rparam       000000
__Lpowerup               powerup      000000
__Lram                   ram          000000
__Lramtop                ramtop       000600
__Lrbit                  rbit         000000
__Lrbss                  rbss         000000
__Lrdata                 rdata        000000
__Lreset_vec             reset_vec    000000
__Lrparam                rparam       000000
__Lsfr                   sfr          000000
__Lsivt_hi               sivt_hi      000000
__Lsivt_lo               sivt_lo      000000
__Lsmallconst            smallconst   000000
__Lspace_0               (abs)        000000
__Lspace_1               (abs)        000000
__Lspace_2               (abs)        000000
__Lspace_4               (abs)        000000
__Lstack                 stack        000000
__Lstruct                struct       000000
__Ltemp                  temp         000000
__Ltext                  text         000000
__Ltext0                 text0        000000
__Ltext1                 text1        000000
__Ltext2                 text2        000000
__Ltext3                 text3        000000
__Ltext4                 text4        000000
__Ltext5                 text5        000000
__S0                     (abs)        003000
__S1                     (abs)        00002C
__S4                     (abs)        000000
__S5                     (abs)        000000
___heap_hi               (abs)        000000
___heap_lo               (abs)        000000
___inthi_sp              stack        000000
___inthi_stack_hi        stack        000000
___inthi_stack_lo        stack        000000
___intlo_sp              stack        000000
___intlo_stack_hi        stack        000000
___intlo_stack_lo        stack        000000
___param_bank            (abs)        000000
___rparam_used           (abs)        000001
___sp                    stack        000000
___stack_hi              stack        000000
___stack_lo              stack        000000
__accesstop              (abs)        000060
__activetblptr           (abs)        000002
__end_of__initialization cinit        002DBE
__end_of_clcd_print      text4        002EBC
__end_of_clcd_write      text5        002E02
__end_of_init_clcd       text3        002FEE
__end_of_init_config     text2        002D8C
__end_of_main            text0        002F48
__end_of_right_scrolling text1        002E50
__initialization         cinit        002D9E
__mediumconst            mediumconst  002FEE
__pcinit                 cinit        002D9E
__pcstackCOMRAM          cstackCOMRAM 000001
__pdataCOMRAM            dataCOMRAM   00001B
__pidataCOMRAM           idataCOMRAM  002D8D
__pmediumconst           mediumconst  002FEE
__ptext0                 text0        002EBC
__ptext1                 text1        002E02
__ptext2                 text2        002D86
__ptext3                 text3        002F48
__ptext4                 text4        002E50
__ptext5                 text5        002DC8
__ramtop                 ramtop       000600
__smallconst             smallconst   000000
_clcd_print              text4        002E50
_clcd_write              text5        002DC8
_init_clcd               text3        002F48
_init_config             text2        002D86
_main                    text0        002EBC
_right_scrolling         text1        002E02
clcd_print@addr          cstackCOMRAM 000005
clcd_print@data          cstackCOMRAM 000003
clcd_write@byte          cstackCOMRAM 000002
clcd_write@control_bit   cstackCOMRAM 000001
end_of_initialization    cinit        002DBE
intlevel0                text         000000
intlevel1                text         000000
intlevel2                text         000000
intlevel3                text         000000
isa$std                  (abs)        000001
isa$xinst                (abs)        000000
main@F10464              dataCOMRAM   00001B
main@delay               cstackCOMRAM 000017
main@str                 cstackCOMRAM 000006
right_scrolling@i        cstackCOMRAM 000003
right_scrolling@str      cstackCOMRAM 000001
right_scrolling@temp     cstackCOMRAM 000002
stackhi                  (abs)        000000
stacklo                  (abs)        000000
start                    init         000000
start_initialization     cinit        002D9E


MODULE INFORMATION

Module		Function		Class		Link	Load	Size
right_scroll.c
		_right_scrolling		CODE           	2E02	0000	78

right_scroll.c estimated size: 78

shared
		__initialization		CODE           	2D9E	0000	32

shared estimated size: 32

clcd.c
		_clcd_write    		CODE           	2DC8	0000	58
		_clcd_print    		CODE           	2E50	0000	108
		_init_clcd     		CODE           	2F48	0000	166

clcd.c estimated size: 332

main.c
		_main          		CODE           	2EBC	0000	140
		_init_config   		CODE           	2D86	0000	6

main.c estimated size: 146

