Microchip MPLAB XC8 Compiler V2.50

Linker command line:

-W-3 \
  --edf=C:\Program Files\Microchip\xc8\v2.50\pic\dat\20240725155939_en.msgs \
  -cn -h+dist/default/production\assignment24_password.X.production.sym \
  --cmf=dist/default/production\assignment24_password.X.production.cmf -z \
  -Q18F4580 -oC:\Users\yogiy\AppData\Local\Temp\xcBsb60.1\driver_tmp_3.o \
  --defsym=__MPLAB_BUILD=1 --fixupoverflow=error \
  -Mdist/default/production/assignment24_password.X.production.map \
  --md=C:\Users\yogiy\AppData\Local\Temp\xcBsb60.1\driver_tmp_0.dat -E1 \
  -ver=XC8 Compiler --acfsm=1493 -ACODE=00h-03000h -ACONST=00h-03000h \
  -ASMALLCONST=0600h-06FFhx42,03000h-03000h -AMEDIUMCONST=0600h-03000h \
  -ACOMRAM=01h-05Fh -AABS1=00h-05FFh -ABIGRAM=01h-05FFh \
  -ARAM=060h-0FFh,0100h-01FFhx5 -ABANK0=060h-0FFh -ABANK1=0100h-01FFh \
  -ABANK2=0200h-02FFh -ABANK3=0300h-03FFh -ABANK4=0400h-04FFh \
  -ABANK5=0500h-05FFh -ASFR=0D00h-0DFFhx2,0F00h-0F5Fh,0F60h-0FFFh \
  -ABIGSFR=0D00h-0FFFh -ACONFIG=0300000h-030000Dh -AIDLOC=0200000h-0200007h \
  -AEEDATA=0F00000h-0F000FFh -peeprom_data=EEDATA \
  -preset_vec=00h,intcode,sivt_hi,intcodelo,sivt_lo,powerup,init \
  -pramtop=0600h -psmallconst=SMALLCONST -pmediumconst=MEDIUMCONST \
  -pconst=CONST -AFARRAM=00h-00h \
  -prdata=COMRAM,nvrram=COMRAM,nvbit=COMRAM,rbss=COMRAM,rbit=COMRAM \
  -pfarbss=FARRAM,fardata=FARRAM,nvFARRAM=FARRAM \
  -pintsave_regs=BIGRAM,bigbss=BIGRAM,bigdata=BIGRAM -pbss=RAM \
  -pidata=CODE,irdata=CODE,ibigdata=CODE,ifardata=CODE -prparam=COMRAM \
  C:\Users\yogiy\AppData\Local\Temp\xcBsb60.1\driver_tmp_9.o \
  dist/default/production\assignment24_password.X.production.o 

Object code version is 3.11

Machine type is 18F4580



                Name                               Link     Load   Length Selector   Space Scale
C:\Users\yogiy\AppData\Local\Temp\xcBsb60.1\driver_tmp_9.o
                idloc                            200000   200000        8        0       5
                config                           300000   300000        E        0       4
                init                                  0        0        4        0       0
dist/default/production\assignment24_password.X.production.o
                idloc                            200000   200000        8        0       5
                config                           300000   300000        E        0       4
                mediumconst                        2FA0     2FA0       60     17D0       0
                text8                              29C8     29C8       3A     14E4       0
                text7                              2A02     2A02       6C     1501       0
                text6                              2950     2950       18     14A8       0
                text5                              2994     2994       34     14CA       0
                text4                              293E     293E       12     149F       0
                text3                              292A     292A        A     1495       0
                text2                              2AE2     2AE2      108     1571       0
                text1                              2A6E     2A6E       74     1537       0
                text0                              2BEA     2BEA      3B6     15F5       0
                cstackCOMRAM                          1        1       36        1       1
                dataCOMRAM                           37       37        A        1       1
                bssCOMRAM                            41       41        1        1       1
                cinit                              2968     2968       2C     14B4       0
                idataCOMRAM                        2934     2934        A     2934       0

TOTAL           Name                               Link     Load   Length     Space
        CLASS   CODE           
                init                                  0        0        4         0
                text8                              29C8     29C8       3A         0
                text7                              2A02     2A02       6C         0
                text6                              2950     2950       18         0
                text5                              2994     2994       34         0
                text4                              293E     293E       12         0
                text3                              292A     292A        A         0
                text2                              2AE2     2AE2      108         0
                text1                              2A6E     2A6E       74         0
                text0                              2BEA     2BEA      3B6         0
                cinit                              2968     2968       2C         0
                idataCOMRAM                        2934     2934        A         0

        CLASS   CONST          

        CLASS   SMALLCONST     

        CLASS   MEDIUMCONST    
                mediumconst                        2FA0     2FA0       60         0

        CLASS   COMRAM         
                cstackCOMRAM                          1        1       36         1
                dataCOMRAM                           37       37        A         1
                bssCOMRAM                            41       41        1         1

        CLASS   ABS1           

        CLASS   BIGRAM         

        CLASS   RAM            

        CLASS   BANK0          

        CLASS   BANK1          

        CLASS   BANK2          

        CLASS   BANK3          

        CLASS   BANK4          

        CLASS   BANK5          

        CLASS   SFR            

        CLASS   BIGSFR         

        CLASS   CONFIG         
                config                           300000   300000        E         4

        CLASS   IDLOC          
                idloc                            200000   200000        8         5

        CLASS   EEDATA         

        CLASS   FARRAM         

        CLASS   HEAP           

        CLASS   STACK          



SEGMENTS        Name                           Load    Length   Top    Selector   Space  Class

                reset_vec                      000000  000004  000004         0       0  CODE    
                cstackCOMRAM                   000001  000041  000042         1       1  COMRAM  
                text3                          00292A  00000A  002934      1495       0  CODE    
                idataCOMRAM                    002934  00000A  00293E      2934       0  CODE    
                text4                          00293E  000012  002950      149F       0  CODE    
                text6                          002950  000018  002968      14A8       0  CODE    
                cinit                          002968  00002C  002994      14B4       0  CODE    
                text5                          002994  000034  0029C8      14CA       0  CODE    
                text8                          0029C8  00003A  002A02      14E4       0  CODE    
                text7                          002A02  00006C  002A6E      1501       0  CODE    
                text1                          002A6E  000074  002AE2      1537       0  CODE    
                text2                          002AE2  000108  002BEA      1571       0  CODE    
                text0                          002BEA  0003B6  002FA0      15F5       0  CODE    
                mediumconst                    002FA0  000060  003000      17D0       0  MEDIUMCO


UNUSED ADDRESS RANGES

        Name                Unused          Largest block    Delta
        BANK0            000060-0000FF               A0
        BANK1            000100-0001FF              100
        BANK2            000200-0002FF              100
        BANK3            000300-0003FF              100
        BANK4            000400-0004FF              100
        BANK5            000500-0005FF              100
        BIGRAM           000042-0005FF              5BE
        BIGSFR           000D00-000FFF              300
        CODE             000004-002929             2926
                         003000-003000                1
        COMRAM           000042-00005F               1E
        CONST            000004-002929             2926
                         003000-003000                1
        EEDATA           F00000-F000FF              100
        MEDIUMCONST      000600-002929             232A
                         003000-003000                1
        RAM              000060-0005FF              100
        SFR              000D00-000FFF              100
        SMALLCONST       000600-002929              100
                         003000-003000                1

                                  Symbol Table

_ADCON1                      (abs)        000FC1
_PORTB                       (abs)        000F81
_PORTBbits                   (abs)        000F81
_PORTD                       (abs)        000F83
_RB0                         (abs)        007C08
_RBPU                        (abs)        007F8F
_RC0                         (abs)        007C10
_RC1                         (abs)        007C11
_RC2                         (abs)        007C12
_RD7                         (abs)        007C1F
_TRISB                       (abs)        000F93
_TRISC                       (abs)        000F94
_TRISD                       (abs)        000F95
_TRISD7                      (abs)        007CAF
__HRAM                       (abs)        000000
__H__absolute__              __absolute__ 000000
__Habs1                      abs1         000000
__Hbank0                     bank0        000000
__Hbank1                     bank1        000000
__Hbank2                     bank2        000000
__Hbank3                     bank3        000000
__Hbank4                     bank4        000000
__Hbank5                     bank5        000000
__Hbigbss                    bigbss       000000
__Hbigdata                   bigdata      000000
__Hbigram                    bigram       000000
__Hbigsfr                    bigsfr       000000
__Hbss                       bss          000000
__HbssCOMRAM                 bssCOMRAM    000000
__Hcinit                     cinit        000000
__Hclrtext                   clrtext      000000
__Hcomram                    comram       000000
__Hconfig                    config       30000E
__Hconst                     const        000000
__HcstackCOMRAM              cstackCOMRAM 000000
__Hdata                      data         000000
__HdataCOMRAM                dataCOMRAM   000000
__Heeprom_data               eeprom_data  000000
__Hfarbss                    farbss       000000
__Hfardata                   fardata      000000
__Hheap                      heap         000000
__Hibigdata                  ibigdata     000000
__Hidata                     idata        000000
__HidataCOMRAM               idataCOMRAM  000000
__Hidloc                     idloc        200008
__Hifardata                  ifardata     000000
__Hinit                      init         000004
__Hintcode                   intcode      000000
__Hintcode_body              intcode_body 000000
__Hintcodelo                 intcodelo    000000
__Hintentry                  intentry     000000
__Hintret                    intret       000000
__Hintsave_regs              intsave_regs 000000
__Hirdata                    irdata       000000
__Hmediumconst               mediumconst  003000
__HnvFARRAM                  nvFARRAM     000000
__Hnvbit                     nvbit        000000
__Hnvrram                    nvrram       000000
__Hparam                     rparam       000000
__Hpowerup                   powerup      000000
__Hram                       ram          000000
__Hramtop                    ramtop       000600
__Hrbit                      rbit         000000
__Hrbss                      rbss         000000
__Hrdata                     rdata        000000
__Hreset_vec                 reset_vec    000000
__Hrparam                    rparam       000000
__Hsfr                       sfr          000000
__Hsivt_hi                   sivt_hi      000000
__Hsivt_lo                   sivt_lo      000000
__Hsmallconst                smallconst   000000
__Hspace_0                   (abs)        003000
__Hspace_1                   (abs)        000042
__Hspace_2                   (abs)        000000
__Hspace_4                   (abs)        60000E
__Hstack                     stack        000000
__Hstruct                    struct       000000
__Htemp                      temp         000000
__Htext                      text         000000
__Htext0                     text0        000000
__Htext1                     text1        000000
__Htext2                     text2        000000
__Htext3                     text3        000000
__Htext4                     text4        000000
__Htext5                     text5        000000
__Htext6                     text6        000000
__Htext7                     text7        000000
__Htext8                     text8        000000
__LRAM                       (abs)        000001
__L__absolute__              __absolute__ 000000
__Labs1                      abs1         000000
__Lbank0                     bank0        000000
__Lbank1                     bank1        000000
__Lbank2                     bank2        000000
__Lbank3                     bank3        000000
__Lbank4                     bank4        000000
__Lbank5                     bank5        000000
__Lbigbss                    bigbss       000000
__Lbigdata                   bigdata      000000
__Lbigram                    bigram       000000
__Lbigsfr                    bigsfr       000000
__Lbss                       bss          000000
__LbssCOMRAM                 bssCOMRAM    000000
__Lcinit                     cinit        000000
__Lclrtext                   clrtext      000000
__Lcomram                    comram       000000
__Lconfig                    config       000000
__Lconst                     const        000000
__LcstackCOMRAM              cstackCOMRAM 000000
__Ldata                      data         000000
__LdataCOMRAM                dataCOMRAM   000000
__Leeprom_data               eeprom_data  000000
__Lfarbss                    farbss       000000
__Lfardata                   fardata      000000
__Lheap                      heap         000000
__Libigdata                  ibigdata     000000
__Lidata                     idata        000000
__LidataCOMRAM               idataCOMRAM  000000
__Lidloc                     idloc        000000
__Lifardata                  ifardata     000000
__Linit                      init         000000
__Lintcode                   intcode      000000
__Lintcode_body              intcode_body 000000
__Lintcodelo                 intcodelo    000000
__Lintentry                  intentry     000000
__Lintret                    intret       000000
__Lintsave_regs              intsave_regs 000000
__Lirdata                    irdata       000000
__Lmediumconst               mediumconst  002FA0
__LnvFARRAM                  nvFARRAM     000000
__Lnvbit                     nvbit        000000
__Lnvrram                    nvrram       000000
__Lparam                     rparam       000000
__Lpowerup                   powerup      000000
__Lram                       ram          000000
__Lramtop                    ramtop       000600
__Lrbit                      rbit         000000
__Lrbss                      rbss         000000
__Lrdata                     rdata        000000
__Lreset_vec                 reset_vec    000000
__Lrparam                    rparam       000000
__Lsfr                       sfr          000000
__Lsivt_hi                   sivt_hi      000000
__Lsivt_lo                   sivt_lo      000000
__Lsmallconst                smallconst   000000
__Lspace_0                   (abs)        000000
__Lspace_1                   (abs)        000000
__Lspace_2                   (abs)        000000
__Lspace_4                   (abs)        000000
__Lstack                     stack        000000
__Lstruct                    struct       000000
__Ltemp                      temp         000000
__Ltext                      text         000000
__Ltext0                     text0        000000
__Ltext1                     text1        000000
__Ltext2                     text2        000000
__Ltext3                     text3        000000
__Ltext4                     text4        000000
__Ltext5                     text5        000000
__Ltext6                     text6        000000
__Ltext7                     text7        000000
__Ltext8                     text8        000000
__S0                         (abs)        003000
__S1                         (abs)        000042
__S4                         (abs)        000000
__S5                         (abs)        000000
___heap_hi                   (abs)        000000
___heap_lo                   (abs)        000000
___inthi_sp                  stack        000000
___inthi_stack_hi            stack        000000
___inthi_stack_lo            stack        000000
___intlo_sp                  stack        000000
___intlo_stack_hi            stack        000000
___intlo_stack_lo            stack        000000
___param_bank                (abs)        000000
___rparam_used               (abs)        000001
___sp                        stack        000000
___stack_hi                  stack        000000
___stack_lo                  stack        000000
__accesstop                  (abs)        000060
__activetblptr               (abs)        000002
__end_of__initialization     cinit        00298A
__end_of_clcd_print          text7        002A6E
__end_of_clcd_putch          text6        002968
__end_of_clcd_write          text8        002A02
__end_of_init_clcd           text5        0029C8
__end_of_init_config         text3        002934
__end_of_init_matrix_keypad  text4        002950
__end_of_main                text0        002FA0
__end_of_read_switches       text1        002AE2
__end_of_scan_key            text2        002BEA
__initialization             cinit        002968
__mediumconst                mediumconst  002FA0
__pbssCOMRAM                 bssCOMRAM    000041
__pcinit                     cinit        002968
__pcstackCOMRAM              cstackCOMRAM 000001
__pdataCOMRAM                dataCOMRAM   000037
__pidataCOMRAM               idataCOMRAM  002934
__pmediumconst               mediumconst  002FA0
__ptext0                     text0        002BEA
__ptext1                     text1        002A6E
__ptext2                     text2        002AE2
__ptext3                     text3        00292A
__ptext4                     text4        00293E
__ptext5                     text5        002994
__ptext6                     text6        002950
__ptext7                     text7        002A02
__ptext8                     text8        0029C8
__ramtop                     ramtop       000600
__smallconst                 smallconst   000000
_clcd_print                  text7        002A02
_clcd_putch                  text6        002950
_clcd_write                  text8        0029C8
_init_clcd                   text5        002994
_init_config                 text3        00292A
_init_matrix_keypad          text4        00293E
_main                        text0        002BEA
_read_switches               text1        002A6E
_scan_key                    text2        002AE2
clcd_print@addr              cstackCOMRAM 000005
clcd_print@data              cstackCOMRAM 000003
clcd_putch@addr              cstackCOMRAM 000003
clcd_putch@data              cstackCOMRAM 000004
clcd_write@byte              cstackCOMRAM 000002
clcd_write@control_bit       cstackCOMRAM 000001
end_of_initialization        cinit        00298A
intlevel0                    text         000000
intlevel1                    text         000000
intlevel2                    text         000000
intlevel3                    text         000000
isa$std                      (abs)        000001
isa$xinst                    (abs)        000000
main@F10498                  dataCOMRAM   000037
main@count                   cstackCOMRAM 000033
main@delay                   cstackCOMRAM 000026
main@delay1                  cstackCOMRAM 00002C
main@flag                    cstackCOMRAM 00002A
main@i                       cstackCOMRAM 000035
main@j                       cstackCOMRAM 000031
main@k                       cstackCOMRAM 000022
main@key                     cstackCOMRAM 000030
main@original_pass           cstackCOMRAM 000010
main@user_pass               cstackCOMRAM 000019
read_switches@detection_type cstackCOMRAM 000001
read_switches@key            bssCOMRAM    000041
read_switches@once           dataCOMRAM   000040
stackhi                      (abs)        000000
stacklo                      (abs)        000000
start                        init         000000
start_initialization         cinit        002968


MODULE INFORMATION

Module		Function		Class		Link	Load	Size
matrix_keypad.c
		_init_matrix_keypad		CODE           	293E	0000	18
		_read_switches 		CODE           	2A6E	0000	116
		_scan_key      		CODE           	2AE2	0000	264

matrix_keypad.c estimated size: 398

shared
		__initialization		CODE           	2968	0000	34

shared estimated size: 34

clcd.c
		_clcd_write    		CODE           	29C8	0000	58
		_clcd_print    		CODE           	2A02	0000	108
		_clcd_putch    		CODE           	2950	0000	24
		_init_clcd     		CODE           	2994	0000	52

clcd.c estimated size: 242

main.c
		_main          		CODE           	2BEA	0000	950
		_init_config   		CODE           	292A	0000	10

main.c estimated size: 960

