Microchip MPLAB XC8 Compiler V2.50

Linker command line:

-W-3 \
  --edf=C:\Program Files\Microchip\xc8\v2.50\pic\dat\20240725155939_en.msgs \
  -cn -h+dist/default/production\Assignment26_eeprom.X.production.sym \
  --cmf=dist/default/production\Assignment26_eeprom.X.production.cmf -z \
  -Q18F4580 -oC:\Users\yogiy\AppData\Local\Temp\xcAsaf4.\driver_tmp_3.o \
  --defsym=__MPLAB_BUILD=1 --fixupoverflow=error \
  -Mdist/default/production/Assignment26_eeprom.X.production.map \
  --md=C:\Users\yogiy\AppData\Local\Temp\xcAsaf4.\driver_tmp_0.dat -E1 \
  -ver=XC8 Compiler --acfsm=1493 -ACODE=00h-03000h -ACONST=00h-03000h \
  -ASMALLCONST=0600h-06FFhx42,03000h-03000h -AMEDIUMCONST=0600h-03000h \
  -ACOMRAM=01h-05Fh -AABS1=00h-05FFh -ABIGRAM=01h-05FFh \
  -ARAM=060h-0FFh,0100h-01FFhx5 -ABANK0=060h-0FFh -ABANK1=0100h-01FFh \
  -ABANK2=0200h-02FFh -ABANK3=0300h-03FFh -ABANK4=0400h-04FFh \
  -ABANK5=0500h-05FFh -ASFR=0D00h-0DFFhx2,0F00h-0F5Fh,0F60h-0FFFh \
  -ABIGSFR=0D00h-0FFFh -ACONFIG=0300000h-030000Dh -AIDLOC=0200000h-0200007h \
  -AEEDATA=0F00000h-0F000FFh -peeprom_data=EEDATA \
  -preset_vec=00h,intcode,sivt_hi,intcodelo,sivt_lo,powerup,init \
  -pramtop=0600h -psmallconst=SMALLCONST -pmediumconst=MEDIUMCONST \
  -pconst=CONST -AFARRAM=00h-00h \
  -prdata=COMRAM,nvrram=COMRAM,nvbit=COMRAM,rbss=COMRAM,rbit=COMRAM \
  -pfarbss=FARRAM,fardata=FARRAM,nvFARRAM=FARRAM \
  -pintsave_regs=BIGRAM,bigbss=BIGRAM,bigdata=BIGRAM -pbss=RAM \
  -pidata=CODE,irdata=CODE,ibigdata=CODE,ifardata=CODE -prparam=COMRAM \
  C:\Users\yogiy\AppData\Local\Temp\xcAsaf4.\driver_tmp_9.o \
  dist/default/production\Assignment26_eeprom.X.production.o 

Object code version is 3.11

Machine type is 18F4580



                Name                               Link     Load   Length Selector   Space Scale
C:\Users\yogiy\AppData\Local\Temp\xcAsaf4.\driver_tmp_9.o
                idloc                            200000   200000        8        0       5
                config                           300000   300000        E        0       4
                init                                  0        0        4        0       0
dist/default/production\Assignment26_eeprom.X.production.o
                idloc                            200000   200000        8        0       5
                config                           300000   300000        E        0       4
                smallconst                          600      600        2      300       0
                text9                               7EE      7EE       74      301       0
                text8                               8C6      8C6       64      301       0
                text7                               862      862       64      301       0
                text6                               9C6      9C6        8      4E3       0
                text5                               99C      99C       10      301       0
                text4                               9AC      9AC        E      301       0
                text3                               77A      77A       74      301       0
                text2                               98A      98A       12      301       0
                text1                               95A      95A       30      301       0
                text0                               602      602      178      301       0
                cstackCOMRAM                          1        1       10        1       1
                dataCOMRAM                           11       11        B        1       1
                bssCOMRAM                            1C       1C        5        1       1
                cinit                               92A      92A       30      301       0
                nvCOMRAM                             21       21        2        1       1
                idataCOMRAM                         9BA      9BA        B      301       0

TOTAL           Name                               Link     Load   Length     Space
        CLASS   CODE           
                init                                  0        0        4         0
                text9                               7EE      7EE       74         0
                text8                               8C6      8C6       64         0
                text7                               862      862       64         0
                text6                               9C6      9C6        8         0
                text5                               99C      99C       10         0
                text4                               9AC      9AC        E         0
                text3                               77A      77A       74         0
                text2                               98A      98A       12         0
                text1                               95A      95A       30         0
                text0                               602      602      178         0
                cinit                               92A      92A       30         0
                idataCOMRAM                         9BA      9BA        B         0

        CLASS   CONST          

        CLASS   SMALLCONST     
                smallconst                          600      600        2         0

        CLASS   MEDIUMCONST    

        CLASS   COMRAM         
                cstackCOMRAM                          1        1       10         1
                dataCOMRAM                           11       11        B         1
                bssCOMRAM                            1C       1C        5         1
                nvCOMRAM                             21       21        2         1

        CLASS   ABS1           

        CLASS   BIGRAM         

        CLASS   RAM            

        CLASS   BANK0          

        CLASS   BANK1          

        CLASS   BANK2          

        CLASS   BANK3          

        CLASS   BANK4          

        CLASS   BANK5          

        CLASS   SFR            

        CLASS   BIGSFR         

        CLASS   CONFIG         
                config                           300000   300000        E         4

        CLASS   IDLOC          
                idloc                            200000   200000        8         5

        CLASS   EEDATA         

        CLASS   FARRAM         

        CLASS   HEAP           

        CLASS   STACK          



SEGMENTS        Name                           Load    Length   Top    Selector   Space  Class

                reset_vec                      000000  000004  000004         0       0  CODE    
                cstackCOMRAM                   000001  000022  000023         1       1  COMRAM  
                smallconst                     000600  000002  000602       300       0  SMALLCON
                text0                          000602  0003C3  0009C5       301       0  CODE    
                text6                          0009C6  000008  0009CE       4E3       0  CODE    


UNUSED ADDRESS RANGES

        Name                Unused          Largest block    Delta
        BANK0            000060-0000FF               A0
        BANK1            000100-0001FF              100
        BANK2            000200-0002FF              100
        BANK3            000300-0003FF              100
        BANK4            000400-0004FF              100
        BANK5            000500-0005FF              100
        BIGRAM           000023-0005FF              5DD
        BIGSFR           000D00-000FFF              300
        CODE             000004-0005FF              5FC
                         0009C5-0009C5                1
                         0009CE-003000             2633
        COMRAM           000023-00005F               3D
        CONST            000004-0005FF              5FC
                         0009C5-0009C5                1
                         0009CE-003000             2633
        EEDATA           F00000-F000FF              100
        MEDIUMCONST      0009C5-0009C5                1
                         0009CE-003000             2633
        RAM              000060-0005FF              100
        SFR              000D00-000FFF              100
        SMALLCONST       0009C5-0009C5                1
                         0009CE-003000              100

                                  Symbol Table

?___lwdiv                          cstackCOMRAM 000006
?___lwmod                          cstackCOMRAM 000001
_ADCON1                            (abs)        000FC1
_EEADR                             (abs)        000FA9
_EECON1bits                        (abs)        000FA6
_EECON2                            (abs)        000FA7
_EEDATA                            (abs)        000FA8
_GIE                               (abs)        007F97
_PIR2bits                          (abs)        000FA1
_PORTA                             (abs)        000F80
_PORTC                             (abs)        000F82
_PORTD                             (abs)        000F83
_TRISA                             (abs)        000F92
_TRISC                             (abs)        000F94
_TRISD                             (abs)        000F95
__HRAM                             (abs)        000000
__H__absolute__                    __absolute__ 000000
__Habs1                            abs1         000000
__Hbank0                           bank0        000000
__Hbank1                           bank1        000000
__Hbank2                           bank2        000000
__Hbank3                           bank3        000000
__Hbank4                           bank4        000000
__Hbank5                           bank5        000000
__Hbigbss                          bigbss       000000
__Hbigdata                         bigdata      000000
__Hbigram                          bigram       000000
__Hbigsfr                          bigsfr       000000
__Hbss                             bss          000000
__HbssCOMRAM                       bssCOMRAM    000000
__Hcinit                           cinit        000000
__Hclrtext                         clrtext      000000
__Hcomram                          comram       000000
__Hconfig                          config       30000E
__Hconst                           const        000000
__HcstackCOMRAM                    cstackCOMRAM 000000
__Hdata                            data         000000
__HdataCOMRAM                      dataCOMRAM   000000
__Heeprom_data                     eeprom_data  000000
__Hfarbss                          farbss       000000
__Hfardata                         fardata      000000
__Hheap                            heap         000000
__Hibigdata                        ibigdata     000000
__Hidata                           idata        000000
__HidataCOMRAM                     idataCOMRAM  000000
__Hidloc                           idloc        200008
__Hifardata                        ifardata     000000
__Hinit                            init         000004
__Hintcode                         intcode      000000
__Hintcode_body                    intcode_body 000000
__Hintcodelo                       intcodelo    000000
__Hintentry                        intentry     000000
__Hintret                          intret       000000
__Hintsave_regs                    intsave_regs 000000
__Hirdata                          irdata       000000
__Hmediumconst                     mediumconst  000000
__HnvCOMRAM                        nvCOMRAM     000000
__HnvFARRAM                        nvFARRAM     000000
__Hnvbit                           nvbit        000000
__Hnvrram                          nvrram       000000
__Hparam                           rparam       000000
__Hpowerup                         powerup      000000
__Hram                             ram          000000
__Hramtop                          ramtop       000600
__Hrbit                            rbit         000000
__Hrbss                            rbss         000000
__Hrdata                           rdata        000000
__Hreset_vec                       reset_vec    000000
__Hrparam                          rparam       000000
__Hsfr                             sfr          000000
__Hsivt_hi                         sivt_hi      000000
__Hsivt_lo                         sivt_lo      000000
__Hsmallconst                      smallconst   000602
__Hspace_0                         (abs)        0009CE
__Hspace_1                         (abs)        000023
__Hspace_2                         (abs)        000000
__Hspace_4                         (abs)        60000E
__Hstack                           stack        000000
__Hstruct                          struct       000000
__Htemp                            temp         000000
__Htext                            text         000000
__Htext0                           text0        000000
__Htext1                           text1        000000
__Htext2                           text2        000000
__Htext3                           text3        000000
__Htext4                           text4        000000
__Htext5                           text5        000000
__Htext6                           text6        000000
__Htext7                           text7        000000
__Htext8                           text8        000000
__Htext9                           text9        000000
__LRAM                             (abs)        000001
__L__absolute__                    __absolute__ 000000
__Labs1                            abs1         000000
__Lbank0                           bank0        000000
__Lbank1                           bank1        000000
__Lbank2                           bank2        000000
__Lbank3                           bank3        000000
__Lbank4                           bank4        000000
__Lbank5                           bank5        000000
__Lbigbss                          bigbss       000000
__Lbigdata                         bigdata      000000
__Lbigram                          bigram       000000
__Lbigsfr                          bigsfr       000000
__Lbss                             bss          000000
__LbssCOMRAM                       bssCOMRAM    000000
__Lcinit                           cinit        000000
__Lclrtext                         clrtext      000000
__Lcomram                          comram       000000
__Lconfig                          config       000000
__Lconst                           const        000000
__LcstackCOMRAM                    cstackCOMRAM 000000
__Ldata                            data         000000
__LdataCOMRAM                      dataCOMRAM   000000
__Leeprom_data                     eeprom_data  000000
__Lfarbss                          farbss       000000
__Lfardata                         fardata      000000
__Lheap                            heap         000000
__Libigdata                        ibigdata     000000
__Lidata                           idata        000000
__LidataCOMRAM                     idataCOMRAM  000000
__Lidloc                           idloc        000000
__Lifardata                        ifardata     000000
__Linit                            init         000000
__Lintcode                         intcode      000000
__Lintcode_body                    intcode_body 000000
__Lintcodelo                       intcodelo    000000
__Lintentry                        intentry     000000
__Lintret                          intret       000000
__Lintsave_regs                    intsave_regs 000000
__Lirdata                          irdata       000000
__Lmediumconst                     mediumconst  000000
__LnvCOMRAM                        nvCOMRAM     000000
__LnvFARRAM                        nvFARRAM     000000
__Lnvbit                           nvbit        000000
__Lnvrram                          nvrram       000000
__Lparam                           rparam       000000
__Lpowerup                         powerup      000000
__Lram                             ram          000000
__Lramtop                          ramtop       000600
__Lrbit                            rbit         000000
__Lrbss                            rbss         000000
__Lrdata                           rdata        000000
__Lreset_vec                       reset_vec    000000
__Lrparam                          rparam       000000
__Lsfr                             sfr          000000
__Lsivt_hi                         sivt_hi      000000
__Lsivt_lo                         sivt_lo      000000
__Lsmallconst                      smallconst   000600
__Lspace_0                         (abs)        000000
__Lspace_1                         (abs)        000000
__Lspace_2                         (abs)        000000
__Lspace_4                         (abs)        000000
__Lstack                           stack        000000
__Lstruct                          struct       000000
__Ltemp                            temp         000000
__Ltext                            text         000000
__Ltext0                           text0        000000
__Ltext1                           text1        000000
__Ltext2                           text2        000000
__Ltext3                           text3        000000
__Ltext4                           text4        000000
__Ltext5                           text5        000000
__Ltext6                           text6        000000
__Ltext7                           text7        000000
__Ltext8                           text8        000000
__Ltext9                           text9        000000
__S0                               (abs)        0009CE
__S1                               (abs)        000023
__S4                               (abs)        000000
__S5                               (abs)        000000
___heap_hi                         (abs)        000000
___heap_lo                         (abs)        000000
___inthi_sp                        stack        000000
___inthi_stack_hi                  stack        000000
___inthi_stack_lo                  stack        000000
___intlo_sp                        stack        000000
___intlo_stack_hi                  stack        000000
___intlo_stack_lo                  stack        000000
___lwdiv                           text9        0007EE
___lwdiv@counter                   cstackCOMRAM 00000C
___lwdiv@dividend                  cstackCOMRAM 000006
___lwdiv@divisor                   cstackCOMRAM 000008
___lwdiv@quotient                  cstackCOMRAM 00000A
___lwmod                           text8        0008C6
___lwmod@counter                   cstackCOMRAM 000005
___lwmod@dividend                  cstackCOMRAM 000001
___lwmod@divisor                   cstackCOMRAM 000003
___param_bank                      (abs)        000000
___rparam_used                     (abs)        000001
___sp                              stack        000000
___stack_hi                        stack        000000
___stack_lo                        stack        000000
__accesstop                        (abs)        000060
__activetblptr                     (abs)        000000
__end_of___lwdiv                   text9        000862
__end_of___lwmod                   text8        00092A
__end_of__initialization           cinit        000954
__end_of_display                   text7        0008C6
__end_of_init_digital_keypad       text6        0009CE
__end_of_init_display              text5        0009AC
__end_of_int_config                text4        0009BA
__end_of_main                      text0        00077A
__end_of_read_digital_keypad       text3        0007EE
__end_of_read_internal_eeprom      text2        00099C
__end_of_write_internal_eeprom     text1        00098A
__initialization                   cinit        00092A
__mediumconst                      mediumconst  000000
__pbssCOMRAM                       bssCOMRAM    00001C
__pcinit                           cinit        00092A
__pcstackCOMRAM                    cstackCOMRAM 000001
__pdataCOMRAM                      dataCOMRAM   000011
__pidataCOMRAM                     idataCOMRAM  0009BA
__pnvCOMRAM                        nvCOMRAM     000021
__psmallconst                      smallconst   000600
__ptext0                           text0        000602
__ptext1                           text1        00095A
__ptext2                           text2        00098A
__ptext3                           text3        00077A
__ptext4                           text4        0009AC
__ptext5                           text5        00099C
__ptext6                           text6        0009C6
__ptext7                           text7        000862
__ptext8                           text8        0008C6
__ptext9                           text9        0007EE
__ramtop                           ramtop       000600
__smallconst                       smallconst   000600
_display                           text7        000862
_i                                 nvCOMRAM     000021
_init_digital_keypad               text6        0009C6
_init_display                      text5        00099C
_int_config                        text4        0009AC
_main                              text0        000602
_read_digital_keypad               text3        00077A
_read_internal_eeprom              text2        00098A
_write_internal_eeprom             text1        00095A
display@digit                      cstackCOMRAM 000006
display@ssd                        cstackCOMRAM 000001
display@wait                       cstackCOMRAM 000004
end_of_initialization              cinit        000954
intlevel0                          text         000000
intlevel1                          text         000000
intlevel2                          text         000000
intlevel3                          text         000000
isa$std                            (abs)        000001
isa$xinst                          (abs)        000000
main@delay                         bssCOMRAM    00001C
main@digit                         dataCOMRAM   000011
main@flag                          cstackCOMRAM 00000E
main@key                           cstackCOMRAM 000010
main@ssd                           bssCOMRAM    00001D
read_digital_keypad@detection_type cstackCOMRAM 000001
read_digital_keypad@once           dataCOMRAM   00001B
read_internal_eeprom@address       cstackCOMRAM 000001
stackhi                            (abs)        000000
stacklo                            (abs)        000000
start                              init         000000
start_initialization               cinit        00092A
write_internal_eeprom@address      cstackCOMRAM 000002
write_internal_eeprom@data         cstackCOMRAM 000001


MODULE INFORMATION

Module		Function		Class		Link	Load	Size
ssd.c
		_init_display  		CODE           	099C	0000	16
		_display       		CODE           	0862	0000	100

ssd.c estimated size: 116

digital_keypad.c
		_init_digital_keypad		CODE           	09C6	0000	8
		_read_digital_keypad		CODE           	077A	0000	116

digital_keypad.c estimated size: 124

C:\Program Files\Microchip\xc8\v2.50\pic\sources\c99\common\lwmod.c
		___lwmod       		CODE           	08C6	0000	100

C:\Program Files\Microchip\xc8\v2.50\pic\sources\c99\common\lwmod.c estimated size: 100

eeprom.c
		_read_internal_eeprom		CODE           	098A	0000	18
		_write_internal_eeprom		CODE           	095A	0000	48

eeprom.c estimated size: 66

shared
		__initialization		CODE           	092A	0000	42

shared estimated size: 42

C:\Program Files\Microchip\xc8\v2.50\pic\sources\c99\common\lwdiv.c
		___lwdiv       		CODE           	07EE	0000	116

C:\Program Files\Microchip\xc8\v2.50\pic\sources\c99\common\lwdiv.c estimated size: 116

main.c
		_main          		CODE           	0602	0000	376
		_int_config    		CODE           	09AC	0000	14

main.c estimated size: 390

