Microchip MPLAB XC8 Compiler V2.50

Linker command line:

-W-3 \
  --edf=C:\Program Files\Microchip\xc8\v2.50\pic\dat\20240725155939_en.msgs \
  -cn -h+dist/default/production\assignment11_clock.X.production.sym \
  --cmf=dist/default/production\assignment11_clock.X.production.cmf -z \
  -Q18F4580 -oC:\Users\yogiy\AppData\Local\Temp\xcAsdvs.\driver_tmp_3.o \
  --defsym=__MPLAB_BUILD=1 --fixupoverflow=error \
  -Mdist/default/production/assignment11_clock.X.production.map \
  --md=C:\Users\yogiy\AppData\Local\Temp\xcAsdvs.\driver_tmp_0.dat -E1 \
  -ver=XC8 Compiler --acfsm=1493 -ACODE=00h-03000h -ACONST=00h-03000h \
  -ASMALLCONST=0600h-06FFhx42,03000h-03000h -AMEDIUMCONST=0600h-03000h \
  -ACOMRAM=01h-05Fh -AABS1=00h-05FFh -ABIGRAM=01h-05FFh \
  -ARAM=060h-0FFh,0100h-01FFhx5 -ABANK0=060h-0FFh -ABANK1=0100h-01FFh \
  -ABANK2=0200h-02FFh -ABANK3=0300h-03FFh -ABANK4=0400h-04FFh \
  -ABANK5=0500h-05FFh -ASFR=0D00h-0DFFhx2,0F00h-0F5Fh,0F60h-0FFFh \
  -ABIGSFR=0D00h-0FFFh -ACONFIG=0300000h-030000Dh -AIDLOC=0200000h-0200007h \
  -AEEDATA=0F00000h-0F000FFh -peeprom_data=EEDATA \
  -preset_vec=00h,intcode=8h,intcodelo,powerup,init -pramtop=0600h \
  -psmallconst=SMALLCONST -pmediumconst=MEDIUMCONST -pconst=CONST \
  -AFARRAM=00h-00h \
  -prdata=COMRAM,nvrram=COMRAM,nvbit=COMRAM,rbss=COMRAM,rbit=COMRAM \
  -pfarbss=FARRAM,fardata=FARRAM,nvFARRAM=FARRAM \
  -pintsave_regs=BIGRAM,bigbss=BIGRAM,bigdata=BIGRAM -pbss=RAM \
  -pidata=CODE,irdata=CODE,ibigdata=CODE,ifardata=CODE -prparam=COMRAM \
  C:\Users\yogiy\AppData\Local\Temp\xcAsdvs.\driver_tmp_9.o \
  dist/default/production\assignment11_clock.X.production.o 

Object code version is 3.11

Machine type is 18F4580



                Name                               Link     Load   Length Selector   Space Scale
C:\Users\yogiy\AppData\Local\Temp\xcAsdvs.\driver_tmp_9.o
                idloc                            200000   200000        8        0       5
                config                           300000   300000        E        0       4
                init                                  E        E        4        4       0
                reset_vec                             0        0        4        0       0
dist/default/production\assignment11_clock.X.production.o
                intcode                               8        8        6        4       0
                idloc                            200000   200000        8        0       5
                config                           300000   300000        E        0       4
                temp                                 34       34        1        1       1
                smallconst                          600      600        2      300       0
                intcode_body                        EA4      EA4       52      301       0
                text10                              C0E      C0E       A4      301       0
                text9                               D44      D44       88      301       0
                text8                               E40      E40       64      301       0
                text7                               A90      A90      17E      301       0
                text6                               F78      F78        8      7BC       0
                text5                               F5C      F5C       10      301       0
                text4                               F46      F46       16      301       0
                text3                               F2C      F2C       1A      301       0
                text2                               DCC      DCC       74      301       0
                text1                               CB2      CB2       92      301       0
                text0                               602      602      48E      301       0
                cstackCOMRAM                         17       17       11        1       1
                dataCOMRAM                           28       28        B        1       1
                bssCOMRAM                             1        1       16        1       1
                cinit                               EF6      EF6       36      301       0
                nvCOMRAM                             33       33        1        1       1
                idataCOMRAM                         F6C      F6C        B      301       0

TOTAL           Name                               Link     Load   Length     Space
        CLASS   CODE           
                intcode                               8        8        6         0
                init                                  E        E        4         0
                reset_vec                             0        0        4         0
                intcode_body                        EA4      EA4       52         0
                text10                              C0E      C0E       A4         0
                text9                               D44      D44       88         0
                text8                               E40      E40       64         0
                text7                               A90      A90      17E         0
                text6                               F78      F78        8         0
                text5                               F5C      F5C       10         0
                text4                               F46      F46       16         0
                text3                               F2C      F2C       1A         0
                text2                               DCC      DCC       74         0
                text1                               CB2      CB2       92         0
                text0                               602      602      48E         0
                cinit                               EF6      EF6       36         0
                idataCOMRAM                         F6C      F6C        B         0

        CLASS   CONST          

        CLASS   SMALLCONST     
                smallconst                          600      600        2         0

        CLASS   MEDIUMCONST    

        CLASS   COMRAM         
                temp                                 34       34        1         1
                cstackCOMRAM                         17       17       11         1
                dataCOMRAM                           28       28        B         1
                bssCOMRAM                             1        1       16         1
                nvCOMRAM                             33       33        1         1

        CLASS   ABS1           

        CLASS   BIGRAM         

        CLASS   RAM            

        CLASS   BANK0          

        CLASS   BANK1          

        CLASS   BANK2          

        CLASS   BANK3          

        CLASS   BANK4          

        CLASS   BANK5          

        CLASS   SFR            

        CLASS   BIGSFR         

        CLASS   CONFIG         
                config                           300000   300000        E         4

        CLASS   IDLOC          
                idloc                            200000   200000        8         5

        CLASS   EEDATA         

        CLASS   FARRAM         

        CLASS   HEAP           

        CLASS   STACK          



SEGMENTS        Name                           Load    Length   Top    Selector   Space  Class

                reset_vec                      000000  000004  000004         0       0  CODE    
                bssCOMRAM                      000001  000034  000035         1       1  COMRAM  
                intcode                        000008  00000A  000012         4       0  CODE    
                smallconst                     000600  000002  000602       300       0  SMALLCON
                text0                          000602  000975  000F77       301       0  CODE    
                text6                          000F78  000008  000F80       7BC       0  CODE    


UNUSED ADDRESS RANGES

        Name                Unused          Largest block    Delta
        BANK0            000060-0000FF               A0
        BANK1            000100-0001FF              100
        BANK2            000200-0002FF              100
        BANK3            000300-0003FF              100
        BANK4            000400-0004FF              100
        BANK5            000500-0005FF              100
        BIGRAM           000035-0005FF              5CB
        BIGSFR           000D00-000FFF              300
        CODE             000004-000007                4
                         000012-0005FF              5EE
                         000F77-000F77                1
                         000F80-003000             2081
        COMRAM           000035-00005F               2B
        CONST            000004-000007                4
                         000012-0005FF              5EE
                         000F77-000F77                1
                         000F80-003000             2081
        EEDATA           F00000-F000FF              100
        MEDIUMCONST      000F77-000F77                1
                         000F80-003000             2081
        RAM              000060-0005FF              100
        SFR              000D00-000FFF              100
        SMALLCONST       000F77-000F77                1
                         000F80-003000              100

                                  Symbol Table

?___lldiv                          cstackCOMRAM 000017
?___llmod                          cstackCOMRAM 000017
_ADCON1                            (abs)        000FC1
_GIE                               (abs)        007F97
_PEIE                              (abs)        007F96
_PORTA                             (abs)        000F80
_PORTB                             (abs)        000F81
_PORTC                             (abs)        000F82
_PORTD                             (abs)        000F83
_PSA                               (abs)        007EAB
_T08BIT                            (abs)        007EAE
_T0CS                              (abs)        007EAD
_TMR0                              (abs)        000FD6
_TMR0IE                            (abs)        007F95
_TMR0IF                            (abs)        007F92
_TMR0ON                            (abs)        007EAF
_TRISA                             (abs)        000F92
_TRISB                             (abs)        000F93
_TRISC                             (abs)        000F94
_TRISD                             (abs)        000F95
__HRAM                             (abs)        000000
__H__absolute__                    __absolute__ 000000
__Habs1                            abs1         000000
__Hbank0                           bank0        000000
__Hbank1                           bank1        000000
__Hbank2                           bank2        000000
__Hbank3                           bank3        000000
__Hbank4                           bank4        000000
__Hbank5                           bank5        000000
__Hbigbss                          bigbss       000000
__Hbigdata                         bigdata      000000
__Hbigram                          bigram       000000
__Hbigsfr                          bigsfr       000000
__Hbss                             bss          000000
__HbssCOMRAM                       bssCOMRAM    000000
__Hcinit                           cinit        000000
__Hclrtext                         clrtext      000000
__Hcomram                          comram       000000
__Hconfig                          config       30000E
__Hconst                           const        000000
__HcstackCOMRAM                    cstackCOMRAM 000000
__Hdata                            data         000000
__HdataCOMRAM                      dataCOMRAM   000000
__Heeprom_data                     eeprom_data  000000
__Hfarbss                          farbss       000000
__Hfardata                         fardata      000000
__Hheap                            heap         000000
__Hibigdata                        ibigdata     000000
__Hidata                           idata        000000
__HidataCOMRAM                     idataCOMRAM  000000
__Hidloc                           idloc        200008
__Hifardata                        ifardata     000000
__Hinit                            init         000012
__Hintcode                         intcode      00000E
__Hintcode_body                    intcode_body 000000
__Hintcodelo                       intcodelo    00000E
__Hintentry                        intentry     000000
__Hintret                          intret       000000
__Hintsave_regs                    intsave_regs 000000
__Hirdata                          irdata       000000
__Hmediumconst                     mediumconst  000000
__HnvCOMRAM                        nvCOMRAM     000000
__HnvFARRAM                        nvFARRAM     000000
__Hnvbit                           nvbit        000000
__Hnvrram                          nvrram       000000
__Hparam                           rparam       000000
__Hpowerup                         powerup      00000E
__Hram                             ram          000000
__Hramtop                          ramtop       000600
__Hrbit                            rbit         000000
__Hrbss                            rbss         000000
__Hrdata                           rdata        000000
__Hreset_vec                       reset_vec    000004
__Hrparam                          rparam       000000
__Hsfr                             sfr          000000
__Hsivt_hi                         sivt_hi      000000
__Hsivt_lo                         sivt_lo      000000
__Hsmallconst                      smallconst   000602
__Hspace_0                         (abs)        000F80
__Hspace_1                         (abs)        000035
__Hspace_2                         (abs)        000000
__Hspace_4                         (abs)        60000E
__Hstack                           stack        000000
__Hstruct                          struct       000000
__Htemp                            temp         000035
__Htext                            text         000000
__Htext0                           text0        000000
__Htext1                           text1        000000
__Htext10                          text10       000000
__Htext2                           text2        000000
__Htext3                           text3        000000
__Htext4                           text4        000000
__Htext5                           text5        000000
__Htext6                           text6        000000
__Htext7                           text7        000000
__Htext8                           text8        000000
__Htext9                           text9        000000
__LRAM                             (abs)        000001
__L__absolute__                    __absolute__ 000000
__Labs1                            abs1         000000
__Lbank0                           bank0        000000
__Lbank1                           bank1        000000
__Lbank2                           bank2        000000
__Lbank3                           bank3        000000
__Lbank4                           bank4        000000
__Lbank5                           bank5        000000
__Lbigbss                          bigbss       000000
__Lbigdata                         bigdata      000000
__Lbigram                          bigram       000000
__Lbigsfr                          bigsfr       000000
__Lbss                             bss          000000
__LbssCOMRAM                       bssCOMRAM    000000
__Lcinit                           cinit        000000
__Lclrtext                         clrtext      000000
__Lcomram                          comram       000000
__Lconfig                          config       000000
__Lconst                           const        000000
__LcstackCOMRAM                    cstackCOMRAM 000000
__Ldata                            data         000000
__LdataCOMRAM                      dataCOMRAM   000000
__Leeprom_data                     eeprom_data  000000
__Lfarbss                          farbss       000000
__Lfardata                         fardata      000000
__Lheap                            heap         000000
__Libigdata                        ibigdata     000000
__Lidata                           idata        000000
__LidataCOMRAM                     idataCOMRAM  000000
__Lidloc                           idloc        000000
__Lifardata                        ifardata     000000
__Linit                            init         00000E
__Lintcode                         intcode      000008
__Lintcode_body                    intcode_body 000000
__Lintcodelo                       intcodelo    00000E
__Lintentry                        intentry     000000
__Lintret                          intret       000000
__Lintsave_regs                    intsave_regs 000000
__Lirdata                          irdata       000000
__Lmediumconst                     mediumconst  000000
__LnvCOMRAM                        nvCOMRAM     000000
__LnvFARRAM                        nvFARRAM     000000
__Lnvbit                           nvbit        000000
__Lnvrram                          nvrram       000000
__Lparam                           rparam       000000
__Lpowerup                         powerup      00000E
__Lram                             ram          000000
__Lramtop                          ramtop       000600
__Lrbit                            rbit         000000
__Lrbss                            rbss         000000
__Lrdata                           rdata        000000
__Lreset_vec                       reset_vec    000000
__Lrparam                          rparam       000000
__Lsfr                             sfr          000000
__Lsivt_hi                         sivt_hi      000000
__Lsivt_lo                         sivt_lo      000000
__Lsmallconst                      smallconst   000600
__Lspace_0                         (abs)        000000
__Lspace_1                         (abs)        000000
__Lspace_2                         (abs)        000000
__Lspace_4                         (abs)        000000
__Lstack                           stack        000000
__Lstruct                          struct       000000
__Ltemp                            temp         000034
__Ltext                            text         000000
__Ltext0                           text0        000000
__Ltext1                           text1        000000
__Ltext10                          text10       000000
__Ltext2                           text2        000000
__Ltext3                           text3        000000
__Ltext4                           text4        000000
__Ltext5                           text5        000000
__Ltext6                           text6        000000
__Ltext7                           text7        000000
__Ltext8                           text8        000000
__Ltext9                           text9        000000
__S0                               (abs)        000F80
__S1                               (abs)        000035
__S4                               (abs)        000000
__S5                               (abs)        000000
___heap_hi                         (abs)        000000
___heap_lo                         (abs)        000000
___inthi_sp                        stack        000000
___inthi_stack_hi                  stack        000000
___inthi_stack_lo                  stack        000000
___intlo_sp                        stack        000000
___intlo_stack_hi                  stack        000000
___intlo_stack_lo                  stack        000000
___lldiv                           text10       000C0E
___lldiv@counter                   cstackCOMRAM 000023
___lldiv@dividend                  cstackCOMRAM 000017
___lldiv@divisor                   cstackCOMRAM 00001B
___lldiv@quotient                  cstackCOMRAM 00001F
___llmod                           text9        000D44
___llmod@counter                   cstackCOMRAM 00001F
___llmod@dividend                  cstackCOMRAM 000017
___llmod@divisor                   cstackCOMRAM 00001B
___param_bank                      (abs)        000000
___rparam_used                     (abs)        000001
___sp                              stack        000000
___stack_hi                        stack        000000
___stack_lo                        stack        000000
__accesstop                        (abs)        000060
__activetblptr                     (abs)        000000
__end_of___lldiv                   text10       000CB2
__end_of___llmod                   text9        000DCC
__end_of__initialization           cinit        000F22
__end_of_display                   text8        000EA4
__end_of_edit_mode                 text7        000C0E
__end_of_init_config               text3        000F46
__end_of_init_digital_keypad       text6        000F80
__end_of_init_ssd_control          text5        000F6C
__end_of_init_timer0               text4        000F5C
__end_of_isr                       intcode_body 000EF6
__end_of_main                      text0        000A90
__end_of_read_digital_keypad       text2        000E40
__end_of_run_mode                  text1        000D44
__initialization                   cinit        000EF6
__mediumconst                      mediumconst  000000
__pbssCOMRAM                       bssCOMRAM    000001
__pcinit                           cinit        000EF6
__pcstackCOMRAM                    cstackCOMRAM 000017
__pdataCOMRAM                      dataCOMRAM   000028
__pidataCOMRAM                     idataCOMRAM  000F6C
__pintcode                         intcode      000008
__pintcode_body                    intcode_body 000EA4
__pnvCOMRAM                        nvCOMRAM     000033
__psmallconst                      smallconst   000600
__ptext0                           text0        000602
__ptext1                           text1        000CB2
__ptext10                          text10       000C0E
__ptext2                           text2        000DCC
__ptext3                           text3        000F2C
__ptext4                           text4        000F46
__ptext5                           text5        000F5C
__ptext6                           text6        000F78
__ptext7                           text7        000A90
__ptext8                           text8        000E40
__ptext9                           text9        000D44
__ramtop                           ramtop       000600
__smallconst                       smallconst   000600
_digit                             dataCOMRAM   000028
_display                           text8        000E40
_edit_mode                         text7        000A90
_f_flag                            bssCOMRAM    00000F
_hour                              bssCOMRAM    000001
_init_config                       text3        000F2C
_init_digital_keypad               text6        000F78
_init_ssd_control                  text5        000F5C
_init_timer0                       text4        000F46
_isr                               intcode      000008
_key                               nvCOMRAM     000033
_main                              text0        000602
_min                               bssCOMRAM    000005
_read_digital_keypad               text2        000DCC
_run_mode                          text1        000CB2
_runflag                           bssCOMRAM    000011
_sec                               bssCOMRAM    000009
_ssd                               bssCOMRAM    000013
btemp                              temp         000034
display@data                       cstackCOMRAM 000017
display@digit                      cstackCOMRAM 00001C
display@wait                       cstackCOMRAM 00001A
end_of_initialization              cinit        000F22
int$flags                          temp         000034
int_func                           intcode_body 000EA4
intlevel0                          text         000000
intlevel1                          text         000000
intlevel2                          text         000000
intlevel3                          text         000000
isa$std                            (abs)        000001
isa$xinst                          (abs)        000000
isr@count                          bssCOMRAM    00000D
main@delay                         cstackCOMRAM 000024
read_digital_keypad@detection_type cstackCOMRAM 000017
read_digital_keypad@once           dataCOMRAM   000032
stackhi                            (abs)        000000
stacklo                            (abs)        000000
start                              init         00000E
start_initialization               cinit        000EF6
ttemp5                             temp         000035
ttemp6                             temp         000038
ttemp7                             temp         00003C
wtemp8                             temp         000035


MODULE INFORMATION

Module		Function		Class		Link	Load	Size
ssd.c
		_display       		CODE           	0E40	0000	100
		_init_ssd_control		CODE           	0F5C	0000	16

ssd.c estimated size: 116

keypad.c
		_init_digital_keypad		CODE           	0F78	0000	8
		_read_digital_keypad		CODE           	0DCC	0000	116

keypad.c estimated size: 124

timer0.c
		_init_timer0   		CODE           	0F46	0000	22

timer0.c estimated size: 22

newmain.c
		_main          		CODE           	0602	0000	1166
		_init_config   		CODE           	0F2C	0000	26

newmain.c estimated size: 1192

C:\Program Files\Microchip\xc8\v2.50\pic\sources\c99\common\llmod.c
		___llmod       		CODE           	0D44	0000	136

C:\Program Files\Microchip\xc8\v2.50\pic\sources\c99\common\llmod.c estimated size: 136

C:\Program Files\Microchip\xc8\v2.50\pic\sources\c99\common\__lldiv.c
		___lldiv       		CODE           	0C0E	0000	164

C:\Program Files\Microchip\xc8\v2.50\pic\sources\c99\common\__lldiv.c estimated size: 164

isr.c
		_isr           		CODE           	0008	0000	88

isr.c estimated size: 88

shared
		__initialization		CODE           	0EF6	0000	44

shared estimated size: 44

ssd_modes.c
		_run_mode      		CODE           	0CB2	0000	146
		_edit_mode     		CODE           	0A90	0000	382

ssd_modes.c estimated size: 528

