Microchip MPLAB XC8 Compiler V2.50

Linker command line:

-W-3 \
  --edf=C:\Program Files\Microchip\xc8\v2.50\pic\dat\20240725155939_en.msgs \
  -cn -h+dist/default/production\24021_354_carblackbox.X.production.sym \
  --cmf=dist/default/production\24021_354_carblackbox.X.production.cmf -z \
  -Q18F4580 -oC:\Users\yogiy\AppData\Local\Temp\xcDs31c.3\driver_tmp_3.o \
  --defsym=__MPLAB_BUILD=1 --fixupoverflow=error \
  -Mdist/default/production/24021_354_carblackbox.X.production.map \
  --md=C:\Users\yogiy\AppData\Local\Temp\xcDs31c.3\driver_tmp_0.dat -E1 \
  -ver=XC8 Compiler --acfsm=1493 -ACODE=00h-03000h -ACONST=00h-03000h \
  -ASMALLCONST=0600h-06FFhx42,03000h-03000h -AMEDIUMCONST=0600h-03000h \
  -ACOMRAM=01h-05Fh -AABS1=00h-05FFh -ABIGRAM=01h-05FFh \
  -ARAM=060h-0FFh,0100h-01FFhx5 -ABANK0=060h-0FFh -ABANK1=0100h-01FFh \
  -ABANK2=0200h-02FFh -ABANK3=0300h-03FFh -ABANK4=0400h-04FFh \
  -ABANK5=0500h-05FFh -ASFR=0D00h-0DFFhx2,0F00h-0F5Fh,0F60h-0FFFh \
  -ABIGSFR=0D00h-0FFFh -ACONFIG=0300000h-030000Dh -AIDLOC=0200000h-0200007h \
  -AEEDATA=0F00000h-0F000FFh -peeprom_data=EEDATA \
  -preset_vec=00h,intcode,sivt_hi,intcodelo,sivt_lo,powerup,init \
  -pramtop=0600h -psmallconst=SMALLCONST -pmediumconst=MEDIUMCONST \
  -pconst=CONST -AFARRAM=00h-00h \
  -prdata=COMRAM,nvrram=COMRAM,nvbit=COMRAM,rbss=COMRAM,rbit=COMRAM \
  -pfarbss=FARRAM,fardata=FARRAM,nvFARRAM=FARRAM \
  -pintsave_regs=BIGRAM,bigbss=BIGRAM,bigdata=BIGRAM -pbss=RAM \
  -pidata=CODE,irdata=CODE,ibigdata=CODE,ifardata=CODE -prparam=COMRAM \
  C:\Users\yogiy\AppData\Local\Temp\xcDs31c.3\driver_tmp_9.o \
  dist/default/production\24021_354_carblackbox.X.production.o 

Object code version is 3.11

Machine type is 18F4580



                Name                               Link     Load   Length Selector   Space Scale
C:\Users\yogiy\AppData\Local\Temp\xcDs31c.3\driver_tmp_9.o
                idloc                            200000   200000        8        0       5
                config                           300000   300000        E        0       4
                init                                  0        0        4        0       0
dist/default/production\24021_354_carblackbox.X.production.o
                idloc                            200000   200000        8        0       5
                config                           300000   300000        E        0       4
                mediumconst                        2F74     2F74       8C     17BA       0
                text40                             17FA     17FA       3A      BFD       0
                text39                             1AA4     1AA4       6C      D52       0
                text38                             1BF8     1BF8       78      DFC       0
                text37                             27A2     27A2      2E8     13D1       0
                text36                             168C     168C        6      B46       0
                text35                             16CA     16CA       12      B65       0
                text34                             1692     1692        8      B49       0
                text33                             16B2     16B2        C      B59       0
                text32                             169A     169A        8      B4D       0
                text31                             16A2     16A2        8      B51       0
                text30                             16AA     16AA        8      B55       0
                text29                             16BE     16BE        C      B5F       0
                text28                             17A6     17A6       2A      BD3       0
                text27                             1FA0     1FA0       DC      FD0       0
                text26                             1704     1704       18      B82       0
                text25                             1920     1920       5E      C90       0
                text24                             22B2     22B2      16C     1159       0
                text23                             1734     1734       1C      B9A       0
                text22                             1D8A     1D8A       A6      EC5       0
                text21                             17D0     17D0       2A      BE8       0
                text20                             1788     1788       1E      BC4       0
                text19                             1834     1834       48      C1A       0
                text18                             16EE     16EE       16      B77       0
                text17                             16DC     16DC       12      B6E       0
                text16                             1750     1750       1C      BA8       0
                text15                             176C     176C       1C      BB6       0
                text14                             1B10     1B10       74      D88       0
                text13                             19DE     19DE       62      CEF       0
                text12                             207C     207C      108     103E       0
                text11                             1B84     1B84       74      DC2       0
                text10                             1EDE     1EDE       C2      F6F       0
                text9                              1E30     1E30       AE      F18       0
                text8                              2A8A     2A8A      4EA     1545       0
                text7                              1A40     1A40       64      D20       0
                text6                              171C     171C       18      B8E       0
                text5                              18CC     18CC       54      C66       0
                text4                              2184     2184      12E     10C2       0
                text3                              1C70     1C70       7E      E38       0
                text2                              241E     241E      1B8     120F       0
                text1                              25D6     25D6      1CC     12EB       0
                text0                              1CEE     1CEE       9C      E77       0
                cstackCOMRAM                         41       41       17        1       1
                dataBANK0                            60       60       4F       60       1
                bssBANK0                             AF       AF       12       60       1
                dataCOMRAM                           58       58        3        1       1
                bssCOMRAM                             1        1       40        1       1
                cinit                              197E     197E       60      CBF       0
                idataBANK0                         187D     187D       4F     187D       0
                idataCOMRAM                        1689     1689        3     1689       0

TOTAL           Name                               Link     Load   Length     Space
        CLASS   CODE           
                init                                  0        0        4         0
                text40                             17FA     17FA       3A         0
                text39                             1AA4     1AA4       6C         0
                text38                             1BF8     1BF8       78         0
                text37                             27A2     27A2      2E8         0
                text36                             168C     168C        6         0
                text35                             16CA     16CA       12         0
                text34                             1692     1692        8         0
                text33                             16B2     16B2        C         0
                text32                             169A     169A        8         0
                text31                             16A2     16A2        8         0
                text30                             16AA     16AA        8         0
                text29                             16BE     16BE        C         0
                text28                             17A6     17A6       2A         0
                text27                             1FA0     1FA0       DC         0
                text26                             1704     1704       18         0
                text25                             1920     1920       5E         0
                text24                             22B2     22B2      16C         0
                text23                             1734     1734       1C         0
                text22                             1D8A     1D8A       A6         0
                text21                             17D0     17D0       2A         0
                text20                             1788     1788       1E         0
                text19                             1834     1834       48         0
                text18                             16EE     16EE       16         0
                text17                             16DC     16DC       12         0
                text16                             1750     1750       1C         0
                text15                             176C     176C       1C         0
                text14                             1B10     1B10       74         0
                text13                             19DE     19DE       62         0
                text12                             207C     207C      108         0
                text11                             1B84     1B84       74         0
                text10                             1EDE     1EDE       C2         0
                text9                              1E30     1E30       AE         0
                text8                              2A8A     2A8A      4EA         0
                text7                              1A40     1A40       64         0
                text6                              171C     171C       18         0
                text5                              18CC     18CC       54         0
                text4                              2184     2184      12E         0
                text3                              1C70     1C70       7E         0
                text2                              241E     241E      1B8         0
                text1                              25D6     25D6      1CC         0
                text0                              1CEE     1CEE       9C         0
                cinit                              197E     197E       60         0
                idataBANK0                         187D     187D       4F         0
                idataCOMRAM                        1689     1689        3         0

        CLASS   CONST          

        CLASS   SMALLCONST     

        CLASS   MEDIUMCONST    
                mediumconst                        2F74     2F74       8C         0

        CLASS   COMRAM         
                cstackCOMRAM                         41       41       17         1
                dataCOMRAM                           58       58        3         1
                bssCOMRAM                             1        1       40         1

        CLASS   ABS1           

        CLASS   BIGRAM         

        CLASS   RAM            

        CLASS   BANK0          
                dataBANK0                            60       60       4F         1
                bssBANK0                             AF       AF       12         1

        CLASS   BANK1          

        CLASS   BANK2          

        CLASS   BANK3          

        CLASS   BANK4          

        CLASS   BANK5          

        CLASS   SFR            

        CLASS   BIGSFR         

        CLASS   CONFIG         
                config                           300000   300000        E         4

        CLASS   IDLOC          
                idloc                            200000   200000        8         5

        CLASS   EEDATA         

        CLASS   FARRAM         

        CLASS   HEAP           

        CLASS   STACK          



SEGMENTS        Name                           Load    Length   Top    Selector   Space  Class

                reset_vec                      000000  000004  000004         0       0  CODE    
                bssCOMRAM                      000001  00005A  00005B         1       1  COMRAM  
                dataBANK0                      000060  000061  0000C1        60       1  BANK0   
                idataCOMRAM                    001689  000003  00168C      1689       0  CODE    
                text36                         00168C  000006  001692       B46       0  CODE    
                text34                         001692  000008  00169A       B49       0  CODE    
                text32                         00169A  000008  0016A2       B4D       0  CODE    
                text31                         0016A2  000008  0016AA       B51       0  CODE    
                text30                         0016AA  000008  0016B2       B55       0  CODE    
                text33                         0016B2  00000C  0016BE       B59       0  CODE    
                text29                         0016BE  00000C  0016CA       B5F       0  CODE    
                text35                         0016CA  000012  0016DC       B65       0  CODE    
                text17                         0016DC  000012  0016EE       B6E       0  CODE    
                text18                         0016EE  000016  001704       B77       0  CODE    
                text26                         001704  000018  00171C       B82       0  CODE    
                text6                          00171C  000018  001734       B8E       0  CODE    
                text23                         001734  00001C  001750       B9A       0  CODE    
                text16                         001750  00001C  00176C       BA8       0  CODE    
                text15                         00176C  00001C  001788       BB6       0  CODE    
                text20                         001788  00001E  0017A6       BC4       0  CODE    
                text28                         0017A6  00002A  0017D0       BD3       0  CODE    
                text21                         0017D0  00002A  0017FA       BE8       0  CODE    
                text40                         0017FA  00003A  001834       BFD       0  CODE    
                text19                         001834  000048  00187C       C1A       0  CODE    
                idataBANK0                     00187D  00004F  0018CC      187D       0  CODE    
                text5                          0018CC  000054  001920       C66       0  CODE    
                text25                         001920  00005E  00197E       C90       0  CODE    
                cinit                          00197E  000060  0019DE       CBF       0  CODE    
                text13                         0019DE  000062  001A40       CEF       0  CODE    
                text7                          001A40  000064  001AA4       D20       0  CODE    
                text39                         001AA4  00006C  001B10       D52       0  CODE    
                text14                         001B10  000074  001B84       D88       0  CODE    
                text11                         001B84  000074  001BF8       DC2       0  CODE    
                text38                         001BF8  000078  001C70       DFC       0  CODE    
                text3                          001C70  00007E  001CEE       E38       0  CODE    
                text0                          001CEE  00009C  001D8A       E77       0  CODE    
                text22                         001D8A  0000A6  001E30       EC5       0  CODE    
                text9                          001E30  0000AE  001EDE       F18       0  CODE    
                text10                         001EDE  0000C2  001FA0       F6F       0  CODE    
                text27                         001FA0  0000DC  00207C       FD0       0  CODE    
                text12                         00207C  000108  002184      103E       0  CODE    
                text4                          002184  00012E  0022B2      10C2       0  CODE    
                text24                         0022B2  00016C  00241E      1159       0  CODE    
                text2                          00241E  0001B8  0025D6      120F       0  CODE    
                text1                          0025D6  0001CC  0027A2      12EB       0  CODE    
                text37                         0027A2  0002E8  002A8A      13D1       0  CODE    
                text8                          002A8A  0004EA  002F74      1545       0  CODE    
                mediumconst                    002F74  00008C  003000      17BA       0  MEDIUMCO


UNUSED ADDRESS RANGES

        Name                Unused          Largest block    Delta
        BANK0            0000C1-0000FF               3F
        BANK1            000100-0001FF              100
        BANK2            000200-0002FF              100
        BANK3            000300-0003FF              100
        BANK4            000400-0004FF              100
        BANK5            000500-0005FF              100
        BIGRAM           00005B-00005F                5
                         0000C1-0005FF              53F
        BIGSFR           000D00-000FFF              300
        CODE             000004-001688             1685
                         00187C-00187C                1
                         003000-003000                1
        COMRAM           00005B-00005F                5
        CONST            000004-001688             1685
                         00187C-00187C                1
                         003000-003000                1
        EEDATA           F00000-F000FF              100
        MEDIUMCONST      000600-001688             1089
                         00187C-00187C                1
                         003000-003000                1
        RAM              0000C1-0005FF              100
        SFR              000D00-000FFF              100
        SMALLCONST       000600-001688              100
                         00187C-00187C                1
                         003000-003000                1

                                  Symbol Table

?___awdiv                      cstackCOMRAM 000041
?___awmod                      cstackCOMRAM 000041
?___lwdiv                      cstackCOMRAM 000041
?___lwmod                      cstackCOMRAM 000041
?_read_adc                     cstackCOMRAM 000048
_ACKDT                         (abs)        007E2D
_ACKEN                         (abs)        007E2C
_ACKSTAT                       (abs)        007E2E
_ACQT0                         (abs)        007E03
_ACQT1                         (abs)        007E04
_ACQT2                         (abs)        007E05
_ADCON0                        (abs)        000FC2
_ADCON1                        (abs)        000FC1
_ADCS0                         (abs)        007E00
_ADCS1                         (abs)        007E01
_ADCS2                         (abs)        007E02
_ADFM                          (abs)        007E07
_ADON                          (abs)        007E10
_ADRESH                        (abs)        000FC4
_ADRESL                        (abs)        000FC3
_BCLIF                         (abs)        007D0B
_BRG16                         (abs)        007DC3
_BRGH                          (abs)        007D62
_CKE                           (abs)        007E3E
_CREN                          (abs)        007D5C
_GO                            (abs)        007E11
_GODONE                        (abs)        007E11
_PEN                           (abs)        007E2A
_PORTB                         (abs)        000F81
_PORTBbits                     (abs)        000F81
_PORTD                         (abs)        000F83
_RBPU                          (abs)        007F8F
_RC0                           (abs)        007C10
_RC1                           (abs)        007C11
_RC2                           (abs)        007C12
_RCEN                          (abs)        007E2B
_RCIF                          (abs)        007CF5
_RCREG                         (abs)        000FAE
_RD7                           (abs)        007C1F
_RSEN                          (abs)        007E29
_RX9                           (abs)        007D5E
_SEN                           (abs)        007E28
_SENDB                         (abs)        007D63
_SMP                           (abs)        007E3F
_SPBRG                         (abs)        000FAF
_SPEN                          (abs)        007D5F
_SSPADD                        (abs)        000FC8
_SSPBUF                        (abs)        000FC9
_SSPCON1                       (abs)        000FC6
_SSPIF                         (abs)        007CF3
_SYNC                          (abs)        007D64
_TRISB                         (abs)        000F93
_TRISC                         (abs)        000F94
_TRISC3                        (abs)        007CA3
_TRISC4                        (abs)        007CA4
_TRISC6                        (abs)        007CA6
_TRISC7                        (abs)        007CA7
_TRISD                         (abs)        000F95
_TRISD7                        (abs)        007CAF
_TX9                           (abs)        007D66
_TXEN                          (abs)        007D65
_TXIF                          (abs)        007CF4
_TXREG                         (abs)        000FAD
_VCFG0                         (abs)        007E0C
_VCFG1                         (abs)        007E0D
__HRAM                         (abs)        000000
__H__absolute__                __absolute__ 000000
__Habs1                        abs1         000000
__Hbank0                       bank0        000000
__Hbank1                       bank1        000000
__Hbank2                       bank2        000000
__Hbank3                       bank3        000000
__Hbank4                       bank4        000000
__Hbank5                       bank5        000000
__Hbigbss                      bigbss       000000
__Hbigdata                     bigdata      000000
__Hbigram                      bigram       000000
__Hbigsfr                      bigsfr       000000
__Hbss                         bss          000000
__HbssBANK0                    bssBANK0     000000
__HbssCOMRAM                   bssCOMRAM    000000
__Hcinit                       cinit        000000
__Hclrtext                     clrtext      000000
__Hcomram                      comram       000000
__Hconfig                      config       30000E
__Hconst                       const        000000
__HcstackCOMRAM                cstackCOMRAM 000000
__Hdata                        data         000000
__HdataBANK0                   dataBANK0    000000
__HdataCOMRAM                  dataCOMRAM   000000
__Heeprom_data                 eeprom_data  000000
__Hfarbss                      farbss       000000
__Hfardata                     fardata      000000
__Hheap                        heap         000000
__Hibigdata                    ibigdata     000000
__Hidata                       idata        000000
__HidataBANK0                  idataBANK0   000000
__HidataCOMRAM                 idataCOMRAM  000000
__Hidloc                       idloc        200008
__Hifardata                    ifardata     000000
__Hinit                        init         000004
__Hintcode                     intcode      000000
__Hintcode_body                intcode_body 000000
__Hintcodelo                   intcodelo    000000
__Hintentry                    intentry     000000
__Hintret                      intret       000000
__Hintsave_regs                intsave_regs 000000
__Hirdata                      irdata       000000
__Hmediumconst                 mediumconst  003000
__HnvFARRAM                    nvFARRAM     000000
__Hnvbit                       nvbit        000000
__Hnvrram                      nvrram       000000
__Hparam                       rparam       000000
__Hpowerup                     powerup      000000
__Hram                         ram          000000
__Hramtop                      ramtop       000600
__Hrbit                        rbit         000000
__Hrbss                        rbss         000000
__Hrdata                       rdata        000000
__Hreset_vec                   reset_vec    000000
__Hrparam                      rparam       000000
__Hsfr                         sfr          000000
__Hsivt_hi                     sivt_hi      000000
__Hsivt_lo                     sivt_lo      000000
__Hsmallconst                  smallconst   000000
__Hspace_0                     (abs)        003000
__Hspace_1                     (abs)        0000C1
__Hspace_2                     (abs)        000000
__Hspace_4                     (abs)        60000E
__Hstack                       stack        000000
__Hstruct                      struct       000000
__Htemp                        temp         000000
__Htext                        text         000000
__Htext0                       text0        000000
__Htext1                       text1        000000
__Htext10                      text10       000000
__Htext11                      text11       000000
__Htext12                      text12       000000
__Htext13                      text13       000000
__Htext14                      text14       000000
__Htext15                      text15       000000
__Htext16                      text16       000000
__Htext17                      text17       000000
__Htext18                      text18       000000
__Htext19                      text19       000000
__Htext2                       text2        000000
__Htext20                      text20       000000
__Htext21                      text21       000000
__Htext22                      text22       000000
__Htext23                      text23       000000
__Htext24                      text24       000000
__Htext25                      text25       000000
__Htext26                      text26       000000
__Htext27                      text27       000000
__Htext28                      text28       000000
__Htext29                      text29       000000
__Htext3                       text3        000000
__Htext30                      text30       000000
__Htext31                      text31       000000
__Htext32                      text32       000000
__Htext33                      text33       000000
__Htext34                      text34       000000
__Htext35                      text35       000000
__Htext36                      text36       000000
__Htext37                      text37       000000
__Htext38                      text38       000000
__Htext39                      text39       000000
__Htext4                       text4        000000
__Htext40                      text40       000000
__Htext5                       text5        000000
__Htext6                       text6        000000
__Htext7                       text7        000000
__Htext8                       text8        000000
__Htext9                       text9        000000
__LRAM                         (abs)        000001
__L__absolute__                __absolute__ 000000
__Labs1                        abs1         000000
__Lbank0                       bank0        000000
__Lbank1                       bank1        000000
__Lbank2                       bank2        000000
__Lbank3                       bank3        000000
__Lbank4                       bank4        000000
__Lbank5                       bank5        000000
__Lbigbss                      bigbss       000000
__Lbigdata                     bigdata      000000
__Lbigram                      bigram       000000
__Lbigsfr                      bigsfr       000000
__Lbss                         bss          000000
__LbssBANK0                    bssBANK0     000000
__LbssCOMRAM                   bssCOMRAM    000000
__Lcinit                       cinit        000000
__Lclrtext                     clrtext      000000
__Lcomram                      comram       000000
__Lconfig                      config       000000
__Lconst                       const        000000
__LcstackCOMRAM                cstackCOMRAM 000000
__Ldata                        data         000000
__LdataBANK0                   dataBANK0    000000
__LdataCOMRAM                  dataCOMRAM   000000
__Leeprom_data                 eeprom_data  000000
__Lfarbss                      farbss       000000
__Lfardata                     fardata      000000
__Lheap                        heap         000000
__Libigdata                    ibigdata     000000
__Lidata                       idata        000000
__LidataBANK0                  idataBANK0   000000
__LidataCOMRAM                 idataCOMRAM  000000
__Lidloc                       idloc        000000
__Lifardata                    ifardata     000000
__Linit                        init         000000
__Lintcode                     intcode      000000
__Lintcode_body                intcode_body 000000
__Lintcodelo                   intcodelo    000000
__Lintentry                    intentry     000000
__Lintret                      intret       000000
__Lintsave_regs                intsave_regs 000000
__Lirdata                      irdata       000000
__Lmediumconst                 mediumconst  002F74
__LnvFARRAM                    nvFARRAM     000000
__Lnvbit                       nvbit        000000
__Lnvrram                      nvrram       000000
__Lparam                       rparam       000000
__Lpowerup                     powerup      000000
__Lram                         ram          000000
__Lramtop                      ramtop       000600
__Lrbit                        rbit         000000
__Lrbss                        rbss         000000
__Lrdata                       rdata        000000
__Lreset_vec                   reset_vec    000000
__Lrparam                      rparam       000000
__Lsfr                         sfr          000000
__Lsivt_hi                     sivt_hi      000000
__Lsivt_lo                     sivt_lo      000000
__Lsmallconst                  smallconst   000000
__Lspace_0                     (abs)        000000
__Lspace_1                     (abs)        000000
__Lspace_2                     (abs)        000000
__Lspace_4                     (abs)        000000
__Lstack                       stack        000000
__Lstruct                      struct       000000
__Ltemp                        temp         000000
__Ltext                        text         000000
__Ltext0                       text0        000000
__Ltext1                       text1        000000
__Ltext10                      text10       000000
__Ltext11                      text11       000000
__Ltext12                      text12       000000
__Ltext13                      text13       000000
__Ltext14                      text14       000000
__Ltext15                      text15       000000
__Ltext16                      text16       000000
__Ltext17                      text17       000000
__Ltext18                      text18       000000
__Ltext19                      text19       000000
__Ltext2                       text2        000000
__Ltext20                      text20       000000
__Ltext21                      text21       000000
__Ltext22                      text22       000000
__Ltext23                      text23       000000
__Ltext24                      text24       000000
__Ltext25                      text25       000000
__Ltext26                      text26       000000
__Ltext27                      text27       000000
__Ltext28                      text28       000000
__Ltext29                      text29       000000
__Ltext3                       text3        000000
__Ltext30                      text30       000000
__Ltext31                      text31       000000
__Ltext32                      text32       000000
__Ltext33                      text33       000000
__Ltext34                      text34       000000
__Ltext35                      text35       000000
__Ltext36                      text36       000000
__Ltext37                      text37       000000
__Ltext38                      text38       000000
__Ltext39                      text39       000000
__Ltext4                       text4        000000
__Ltext40                      text40       000000
__Ltext5                       text5        000000
__Ltext6                       text6        000000
__Ltext7                       text7        000000
__Ltext8                       text8        000000
__Ltext9                       text9        000000
__S0                           (abs)        003000
__S1                           (abs)        0000C1
__S4                           (abs)        000000
__S5                           (abs)        000000
___awdiv                       text10       001EDE
___awdiv@counter               cstackCOMRAM 000045
___awdiv@dividend              cstackCOMRAM 000041
___awdiv@divisor               cstackCOMRAM 000043
___awdiv@quotient              cstackCOMRAM 000047
___awdiv@sign                  cstackCOMRAM 000046
___awmod                       text9        001E30
___awmod@counter               cstackCOMRAM 000045
___awmod@dividend              cstackCOMRAM 000041
___awmod@divisor               cstackCOMRAM 000043
___awmod@sign                  cstackCOMRAM 000046
___heap_hi                     (abs)        000000
___heap_lo                     (abs)        000000
___inthi_sp                    stack        000000
___inthi_stack_hi              stack        000000
___inthi_stack_lo              stack        000000
___intlo_sp                    stack        000000
___intlo_stack_hi              stack        000000
___intlo_stack_lo              stack        000000
___lwdiv                       text14       001B10
___lwdiv@counter               cstackCOMRAM 000047
___lwdiv@dividend              cstackCOMRAM 000041
___lwdiv@divisor               cstackCOMRAM 000043
___lwdiv@quotient              cstackCOMRAM 000045
___lwmod                       text7        001A40
___lwmod@counter               cstackCOMRAM 000045
___lwmod@dividend              cstackCOMRAM 000041
___lwmod@divisor               cstackCOMRAM 000043
___param_bank                  (abs)        000000
___rparam_used                 (abs)        000001
___sp                          stack        000000
___stack_hi                    stack        000000
___stack_lo                    stack        000000
__accesstop                    (abs)        000060
__activetblptr                 (abs)        000002
__end_of___awdiv               text10       001FA0
__end_of___awmod               text9        001EDE
__end_of___lwdiv               text14       001B84
__end_of___lwmod               text7        001AA4
__end_of__initialization       cinit        0019D4
__end_of_clcd_print            text39       001B10
__end_of_clcd_putch            text6        001734
__end_of_clcd_write            text40       001834
__end_of_clear_log             text38       001C70
__end_of_display_main_menu     text37       002A8A
__end_of_download_log          text24       00241E
__end_of_event_read            text27       00207C
__end_of_event_store           text4        0022B2
__end_of_get_time              text3        001CEE
__end_of_i2c_idle              text35       0016DC
__end_of_i2c_no_ack            text36       001692
__end_of_i2c_read              text33       0016BE
__end_of_i2c_rep_start         text32       0016A2
__end_of_i2c_rx_mode           text34       00169A
__end_of_i2c_start             text31       0016AA
__end_of_i2c_stop              text30       0016B2
__end_of_i2c_write             text29       0016CA
__end_of_init_adc              text23       001750
__end_of_init_clcd             text22       001E30
__end_of_init_config           text15       001788
__end_of_init_ds1307           text19       00187C
__end_of_init_i2c              text18       001704
__end_of_init_matrix_keypad    text17       0016EE
__end_of_init_uart             text16       00176C
__end_of_main                  text0        001D8A
__end_of_putch                 text26       00171C
__end_of_puts                  text25       00197E
__end_of_read_adc              text13       001A40
__end_of_read_ds1307           text21       0017FA
__end_of_read_external_eeprom  text28       0017D0
__end_of_read_switches         text11       001BF8
__end_of_scan_key              text12       002184
__end_of_set_time              text8        002F74
__end_of_view_dashboard        text2        0025D6
__end_of_view_log              text1        0027A2
__end_of_write_ds1307          text20       0017A6
__end_of_write_external_eeprom text5        001920
__initialization               cinit        00197E
__mediumconst                  mediumconst  002F74
__pbssBANK0                    bssBANK0     0000AF
__pbssCOMRAM                   bssCOMRAM    000001
__pcinit                       cinit        00197E
__pcstackCOMRAM                cstackCOMRAM 000041
__pdataBANK0                   dataBANK0    000060
__pdataCOMRAM                  dataCOMRAM   000058
__pidataBANK0                  idataBANK0   00187D
__pidataCOMRAM                 idataCOMRAM  001689
__pmediumconst                 mediumconst  002F74
__ptext0                       text0        001CEE
__ptext1                       text1        0025D6
__ptext10                      text10       001EDE
__ptext11                      text11       001B84
__ptext12                      text12       00207C
__ptext13                      text13       0019DE
__ptext14                      text14       001B10
__ptext15                      text15       00176C
__ptext16                      text16       001750
__ptext17                      text17       0016DC
__ptext18                      text18       0016EE
__ptext19                      text19       001834
__ptext2                       text2        00241E
__ptext20                      text20       001788
__ptext21                      text21       0017D0
__ptext22                      text22       001D8A
__ptext23                      text23       001734
__ptext24                      text24       0022B2
__ptext25                      text25       001920
__ptext26                      text26       001704
__ptext27                      text27       001FA0
__ptext28                      text28       0017A6
__ptext29                      text29       0016BE
__ptext3                       text3        001C70
__ptext30                      text30       0016AA
__ptext31                      text31       0016A2
__ptext32                      text32       00169A
__ptext33                      text33       0016B2
__ptext34                      text34       001692
__ptext35                      text35       0016CA
__ptext36                      text36       00168C
__ptext37                      text37       0027A2
__ptext38                      text38       001BF8
__ptext39                      text39       001AA4
__ptext4                       text4        002184
__ptext40                      text40       0017FA
__ptext5                       text5        0018CC
__ptext6                       text6        00171C
__ptext7                       text7        001A40
__ptext8                       text8        002A8A
__ptext9                       text9        001E30
__ramtop                       ramtop       000600
__smallconst                   smallconst   000000
_adc_val                       bssCOMRAM    00002F
_calender_reg                  bssCOMRAM    000010
_clcd_print                    text39       001AA4
_clcd_putch                    text6        00171C
_clcd_write                    text40       0017FA
_clear_log                     text38       001BF8
_clock_reg                     bssCOMRAM    000014
_count                         bssCOMRAM    00002D
_count1                        bssCOMRAM    000029
_date                          bssCOMRAM    000001
_disp_index                    bssCOMRAM    00002B
_disp_menu                     dataBANK0    000060
_display_main_menu             text37       0027A2
_download_log                  text24       0022B2
_event_cnt                     bssCOMRAM    000023
_event_read                    text27       001FA0
_event_store                   text4        002184
_extra_count                   bssCOMRAM    000021
_flag                          bssCOMRAM    000025
_gear_index                    bssCOMRAM    000031
_gears                         dataBANK0    000094
_get_time                      text3        001C70
_i2c_idle                      text35       0016CA
_i2c_no_ack                    text36       00168C
_i2c_read                      text33       0016B2
_i2c_rep_start                 text32       00169A
_i2c_rx_mode                   text34       001692
_i2c_start                     text31       0016A2
_i2c_stop                      text30       0016AA
_i2c_write                     text29       0016BE
_init_adc                      text23       001734
_init_clcd                     text22       001D8A
_init_config                   text15       00176C
_init_ds1307                   text19       001834
_init_i2c                      text18       0016EE
_init_matrix_keypad            text17       0016DC
_init_uart                     text16       001750
_key                           bssCOMRAM    000036
_main                          text0        001CEE
_menu_cnt                      bssCOMRAM    000027
_num_cnt                       bssCOMRAM    00001F
_putch                         text26       001704
_puts                          text25       001920
_read_adc                      text13       0019DE
_read_adr                      bssCOMRAM    000035
_read_ds1307                   text21       0017D0
_read_external_eeprom          text28       0017A6
_read_switches                 text11       001B84
_scan_key                      text12       00207C
_set_time                      text8        002A8A
_state                         bssCOMRAM    000033
_str                           bssBANK0     0000AF
_time                          bssCOMRAM    000038
_view_dashboard                text2        00241E
_view_log                      text1        0025D6
_write_adr                     bssCOMRAM    000034
_write_ds1307                  text20       001788
_write_external_eeprom         text5        0018CC
clcd_print@addr                cstackCOMRAM 000045
clcd_print@data                cstackCOMRAM 000043
clcd_putch@addr                cstackCOMRAM 000048
clcd_putch@data                cstackCOMRAM 000049
clcd_write@byte                cstackCOMRAM 000042
clcd_write@control_bit         cstackCOMRAM 000041
clear_log@wait                 cstackCOMRAM 000046
download_log@cnt               cstackCOMRAM 000051
download_log@wait              cstackCOMRAM 000049
download_log@wait_454          cstackCOMRAM 00004D
end_of_initialization          cinit        0019D4
event_read@i                   cstackCOMRAM 000046
event_store@gear               cstackCOMRAM 000050
event_store@i                  cstackCOMRAM 000053
event_store@speed              cstackCOMRAM 000051
event_store@time               cstackCOMRAM 00004F
i2c_write@data                 cstackCOMRAM 000041
init_ds1307@dummy              cstackCOMRAM 00004B
intlevel0                      text         000000
intlevel1                      text         000000
intlevel2                      text         000000
intlevel3                      text         000000
isa$std                        (abs)        000001
isa$xinst                      (abs)        000000
putch@byte                     cstackCOMRAM 000041
puts@s                         cstackCOMRAM 000042
read_adc@channel               cstackCOMRAM 00004C
read_adc@reg_val               cstackCOMRAM 00004D
read_ds1307@address            cstackCOMRAM 000042
read_ds1307@data               cstackCOMRAM 000043
read_external_eeprom@address   cstackCOMRAM 000042
read_external_eeprom@data      cstackCOMRAM 000043
read_switches@detection_type   cstackCOMRAM 000041
read_switches@key              bssCOMRAM    000037
read_switches@once             dataCOMRAM   00005A
set_time@data                  cstackCOMRAM 000051
set_time@delay                 bssCOMRAM    00000C
set_time@f_flag                bssCOMRAM    000017
set_time@hour                  bssCOMRAM    00001D
set_time@min                   bssCOMRAM    00001B
set_time@sec                   bssCOMRAM    000019
set_time@wait                  cstackCOMRAM 00004D
stackhi                        (abs)        000000
stacklo                        (abs)        000000
start                          init         000000
start_initialization           cinit        00197E
view_log@once                  dataCOMRAM   000058
view_log@wait                  cstackCOMRAM 00004D
write_ds1307@address           cstackCOMRAM 00004A
write_ds1307@data              cstackCOMRAM 000049
write_external_eeprom@address  cstackCOMRAM 00004E
write_external_eeprom@data     cstackCOMRAM 000049
write_external_eeprom@wait     cstackCOMRAM 00004A


MODULE INFORMATION

Module		Function		Class		Link	Load	Size
matrix_keypad.c
		_init_matrix_keypad		CODE           	16DC	0000	18
		_read_switches 		CODE           	1B84	0000	116
		_scan_key      		CODE           	207C	0000	264

matrix_keypad.c estimated size: 398

uart.c
		_putch         		CODE           	1704	0000	24
		_init_uart     		CODE           	1750	0000	28
		_puts          		CODE           	1920	0000	94

uart.c estimated size: 146

i2c.c
		_i2c_start     		CODE           	16A2	0000	8
		_i2c_no_ack    		CODE           	168C	0000	6
		_i2c_rep_start 		CODE           	169A	0000	8
		_i2c_idle      		CODE           	16CA	0000	18
		_i2c_write     		CODE           	16BE	0000	12
		_i2c_stop      		CODE           	16AA	0000	8
		_i2c_read      		CODE           	16B2	0000	12
		_init_i2c      		CODE           	16EE	0000	22
		_i2c_rx_mode   		CODE           	1692	0000	8

i2c.c estimated size: 102

functions.c
		_view_log      		CODE           	25D6	0000	460
		_event_store   		CODE           	2184	0000	302
		_get_time      		CODE           	1C70	0000	126
		_event_read    		CODE           	1FA0	0000	220
		_download_log  		CODE           	22B2	0000	364
		_set_time      		CODE           	2A8A	0000	1258
		_clear_log     		CODE           	1BF8	0000	120
		_view_dashboard		CODE           	241E	0000	440

functions.c estimated size: 3290

C:\Program Files\Microchip\xc8\v2.50\pic\sources\c99\common\lwmod.c
		___lwmod       		CODE           	1A40	0000	100

C:\Program Files\Microchip\xc8\v2.50\pic\sources\c99\common\lwmod.c estimated size: 100

C:\Program Files\Microchip\xc8\v2.50\pic\sources\c99\common\awmod.c
		___awmod       		CODE           	1E30	0000	174

C:\Program Files\Microchip\xc8\v2.50\pic\sources\c99\common\awmod.c estimated size: 174

adc.c
		_init_adc      		CODE           	1734	0000	28
		_read_adc      		CODE           	19DE	0000	98

adc.c estimated size: 126

ds1307_1.c
		_read_ds1307   		CODE           	17D0	0000	42
		_write_ds1307  		CODE           	1788	0000	30
		_init_ds1307   		CODE           	1834	0000	72

ds1307_1.c estimated size: 144

external_eeprom.c
		_write_external_eeprom		CODE           	18CC	0000	84
		_read_external_eeprom		CODE           	17A6	0000	42

external_eeprom.c estimated size: 126

shared
		__initialization		CODE           	197E	0000	86

shared estimated size: 86

display_menu.c
		_display_main_menu		CODE           	27A2	0000	744

display_menu.c estimated size: 744

clcd.c
		_clcd_write    		CODE           	17FA	0000	58
		_clcd_print    		CODE           	1AA4	0000	108
		_clcd_putch    		CODE           	171C	0000	24
		_init_clcd     		CODE           	1D8A	0000	166

clcd.c estimated size: 356

C:\Program Files\Microchip\xc8\v2.50\pic\sources\c99\common\lwdiv.c
		___lwdiv       		CODE           	1B10	0000	116

C:\Program Files\Microchip\xc8\v2.50\pic\sources\c99\common\lwdiv.c estimated size: 116

C:\Program Files\Microchip\xc8\v2.50\pic\sources\c99\common\awdiv.c
		___awdiv       		CODE           	1EDE	0000	194

C:\Program Files\Microchip\xc8\v2.50\pic\sources\c99\common\awdiv.c estimated size: 194

main.c
		_main          		CODE           	1CEE	0000	156
		_init_config   		CODE           	176C	0000	28

main.c estimated size: 184

